Archive member included to satisfy reference by file (symbol)

d:/software/jetbrains/gcc-arm-none-eabi/bin/../lib/gcc/arm-none-eabi/10.3.1/thumb/v7-m/nofp\libgcc.a(_arm_mulsf3.o)
                              CMakeFiles/STM32F103_StudyCode2.elf.dir/Core/Src/OLED.c.obj (__aeabi_fmul)
d:/software/jetbrains/gcc-arm-none-eabi/bin/../lib/gcc/arm-none-eabi/10.3.1/thumb/v7-m/nofp\libgcc.a(_arm_addsubdf3.o)
                              CMakeFiles/STM32F103_StudyCode2.elf.dir/Core/Src/main.c.obj (__aeabi_f2d)
d:/software/jetbrains/gcc-arm-none-eabi/bin/../lib/gcc/arm-none-eabi/10.3.1/thumb/v7-m/nofp\libgcc.a(_arm_addsubsf3.o)
                              CMakeFiles/STM32F103_StudyCode2.elf.dir/Core/Src/OLED.c.obj (__aeabi_fsub)
d:/software/jetbrains/gcc-arm-none-eabi/bin/../lib/gcc/arm-none-eabi/10.3.1/thumb/v7-m/nofp\libgcc.a(_arm_muldivsf3.o)
                              CMakeFiles/STM32F103_StudyCode2.elf.dir/Core/Src/OLED.c.obj (__aeabi_fdiv)
d:/software/jetbrains/gcc-arm-none-eabi/bin/../lib/gcc/arm-none-eabi/10.3.1/thumb/v7-m/nofp\libgcc.a(_arm_fixunssfsi.o)
                              CMakeFiles/STM32F103_StudyCode2.elf.dir/Core/Src/OLED.c.obj (__aeabi_f2uiz)
d:/software/jetbrains/gcc-arm-none-eabi/bin/../lib/gcc/arm-none-eabi/10.3.1/../../../../arm-none-eabi/lib/thumb/v7-m/nofp\libg.a(lib_a-errno.o)
                              CMakeFiles/STM32F103_StudyCode2.elf.dir/Core/Src/syscalls.c.obj (__errno)
d:/software/jetbrains/gcc-arm-none-eabi/bin/../lib/gcc/arm-none-eabi/10.3.1/../../../../arm-none-eabi/lib/thumb/v7-m/nofp\libg.a(lib_a-exit.o)
                              d:/software/jetbrains/gcc-arm-none-eabi/bin/../lib/gcc/arm-none-eabi/10.3.1/../../../../arm-none-eabi/lib/thumb/v7-m/nofp/crt0.o (exit)
d:/software/jetbrains/gcc-arm-none-eabi/bin/../lib/gcc/arm-none-eabi/10.3.1/../../../../arm-none-eabi/lib/thumb/v7-m/nofp\libg.a(lib_a-impure.o)
                              d:/software/jetbrains/gcc-arm-none-eabi/bin/../lib/gcc/arm-none-eabi/10.3.1/../../../../arm-none-eabi/lib/thumb/v7-m/nofp\libg.a(lib_a-exit.o) (_global_impure_ptr)
d:/software/jetbrains/gcc-arm-none-eabi/bin/../lib/gcc/arm-none-eabi/10.3.1/../../../../arm-none-eabi/lib/thumb/v7-m/nofp\libg.a(lib_a-init.o)
                              d:/software/jetbrains/gcc-arm-none-eabi/bin/../lib/gcc/arm-none-eabi/10.3.1/../../../../arm-none-eabi/lib/thumb/v7-m/nofp/crt0.o (__libc_init_array)
d:/software/jetbrains/gcc-arm-none-eabi/bin/../lib/gcc/arm-none-eabi/10.3.1/../../../../arm-none-eabi/lib/thumb/v7-m/nofp\libg.a(lib_a-memset.o)
                              d:/software/jetbrains/gcc-arm-none-eabi/bin/../lib/gcc/arm-none-eabi/10.3.1/../../../../arm-none-eabi/lib/thumb/v7-m/nofp/crt0.o (memset)
d:/software/jetbrains/gcc-arm-none-eabi/bin/../lib/gcc/arm-none-eabi/10.3.1/../../../../arm-none-eabi/lib/thumb/v7-m/nofp\libg.a(lib_a-snprintf.o)
                              CMakeFiles/STM32F103_StudyCode2.elf.dir/Core/Src/main.c.obj (snprintf)
d:/software/jetbrains/gcc-arm-none-eabi/bin/../lib/gcc/arm-none-eabi/10.3.1/../../../../arm-none-eabi/lib/thumb/v7-m/nofp\libg.a(lib_a-svfprintf.o)
                              d:/software/jetbrains/gcc-arm-none-eabi/bin/../lib/gcc/arm-none-eabi/10.3.1/../../../../arm-none-eabi/lib/thumb/v7-m/nofp\libg.a(lib_a-snprintf.o) (_svfprintf_r)
d:/software/jetbrains/gcc-arm-none-eabi/bin/../lib/gcc/arm-none-eabi/10.3.1/../../../../arm-none-eabi/lib/thumb/v7-m/nofp\libg.a(lib_a-vsprintf.o)
                              CMakeFiles/STM32F103_StudyCode2.elf.dir/Core/Src/OLED.c.obj (vsprintf)
d:/software/jetbrains/gcc-arm-none-eabi/bin/../lib/gcc/arm-none-eabi/10.3.1/../../../../arm-none-eabi/lib/thumb/v7-m/nofp\libg.a(lib_a-__call_atexit.o)
                              d:/software/jetbrains/gcc-arm-none-eabi/bin/../lib/gcc/arm-none-eabi/10.3.1/../../../../arm-none-eabi/lib/thumb/v7-m/nofp\libg.a(lib_a-exit.o) (__call_exitprocs)
d:/software/jetbrains/gcc-arm-none-eabi/bin/../lib/gcc/arm-none-eabi/10.3.1/../../../../arm-none-eabi/lib/thumb/v7-m/nofp\libg.a(lib_a-atexit.o)
                              d:/software/jetbrains/gcc-arm-none-eabi/bin/../lib/gcc/arm-none-eabi/10.3.1/../../../../arm-none-eabi/lib/thumb/v7-m/nofp\libg.a(lib_a-__call_atexit.o) (atexit)
d:/software/jetbrains/gcc-arm-none-eabi/bin/../lib/gcc/arm-none-eabi/10.3.1/../../../../arm-none-eabi/lib/thumb/v7-m/nofp\libg.a(lib_a-dtoa.o)
                              d:/software/jetbrains/gcc-arm-none-eabi/bin/../lib/gcc/arm-none-eabi/10.3.1/../../../../arm-none-eabi/lib/thumb/v7-m/nofp\libg.a(lib_a-svfprintf.o) (_dtoa_r)
d:/software/jetbrains/gcc-arm-none-eabi/bin/../lib/gcc/arm-none-eabi/10.3.1/../../../../arm-none-eabi/lib/thumb/v7-m/nofp\libg.a(lib_a-fini.o)
                              d:/software/jetbrains/gcc-arm-none-eabi/bin/../lib/gcc/arm-none-eabi/10.3.1/../../../../arm-none-eabi/lib/thumb/v7-m/nofp\libg.a(lib_a-__call_atexit.o) (__libc_fini_array)
[...]
Memory Configuration

Name             Origin             Length             Attributes
RAM              0x20000000         0x00005000         xrw
FLASH            0x08000000         0x00010000         xr
*default*        0x00000000         0xffffffff

Linker script and memory map

LOAD d:/software/jetbrains/gcc-arm-none-eabi/bin/../lib/gcc/arm-none-eabi/10.3.1/thumb/v7-m/nofp/crti.o
LOAD d:/software/jetbrains/gcc-arm-none-eabi/bin/../lib/gcc/arm-none-eabi/10.3.1/thumb/v7-m/nofp/crtbegin.o
LOAD d:/software/jetbrains/gcc-arm-none-eabi/bin/../lib/gcc/arm-none-eabi/10.3.1/../../../../arm-none-eabi/lib/thumb/v7-m/nofp/crt0.o
LOAD CMakeFiles/STM32F103_StudyCode2.elf.dir/Core/Src/OLED.c.obj
LOAD CMakeFiles/STM32F103_StudyCode2.elf.dir/Core/Src/adc.c.obj
LOAD CMakeFiles/STM32F103_StudyCode2.elf.dir/Core/Src/bsp_adc.c.obj
LOAD CMakeFiles/STM32F103_StudyCode2.elf.dir/Core/Src/gpio.c.obj
LOAD CMakeFiles/STM32F103_StudyCode2.elf.dir/Core/Src/i2c.c.obj
LOAD CMakeFiles/STM32F103_StudyCode2.elf.dir/Core/Src/main.c.obj
LOAD CMakeFiles/STM32F103_StudyCode2.elf.dir/Core/Src/stm32f1xx_hal_msp.c.obj
LOAD CMakeFiles/STM32F103_StudyCode2.elf.dir/Core/Src/stm32f1xx_it.c.obj
LOAD CMakeFiles/STM32F103_StudyCode2.elf.dir/Core/Src/syscalls.c.obj
LOAD CMakeFiles/STM32F103_StudyCode2.elf.dir/Core/Src/sysmem.c.obj
LOAD CMakeFiles/STM32F103_StudyCode2.elf.dir/Core/Src/system_stm32f1xx.c.obj
LOAD CMakeFiles/STM32F103_StudyCode2.elf.dir/Core/Src/tim.c.obj
LOAD CMakeFiles/STM32F103_StudyCode2.elf.dir/Core/Startup/startup_stm32f103c8tx.s.obj
LOAD CMakeFiles/STM32F103_StudyCode2.elf.dir/Drivers/STM32F1xx_HAL_Driver/Src/stm32f1xx_hal.c.obj
LOAD CMakeFiles/STM32F103_StudyCode2.elf.dir/Drivers/STM32F1xx_HAL_Driver/Src/stm32f1xx_hal_adc.c.obj
LOAD CMakeFiles/STM32F103_StudyCode2.elf.dir/Drivers/STM32F1xx_HAL_Driver/Src/stm32f1xx_hal_adc_ex.c.obj
LOAD CMakeFiles/STM32F103_StudyCode2.elf.dir/Drivers/STM32F1xx_HAL_Driver/Src/stm32f1xx_hal_cortex.c.obj
LOAD CMakeFiles/STM32F103_StudyCode2.elf.dir/Drivers/STM32F1xx_HAL_Driver/Src/stm32f1xx_hal_dma.c.obj
LOAD CMakeFiles/STM32F103_StudyCode2.elf.dir/Drivers/STM32F1xx_HAL_Driver/Src/stm32f1xx_hal_exti.c.obj
LOAD CMakeFiles/STM32F103_StudyCode2.elf.dir/Drivers/STM32F1xx_HAL_Driver/Src/stm32f1xx_hal_flash.c.obj
LOAD CMakeFiles/STM32F103_StudyCode2.elf.dir/Drivers/STM32F1xx_HAL_Driver/Src/stm32f1xx_hal_flash_ex.c.obj
LOAD CMakeFiles/STM32F103_StudyCode2.elf.dir/Drivers/STM32F1xx_HAL_Driver/Src/stm32f1xx_hal_gpio.c.obj
LOAD CMakeFiles/STM32F103_StudyCode2.elf.dir/Drivers/STM32F1xx_HAL_Driver/Src/stm32f1xx_hal_gpio_ex.c.obj
LOAD CMakeFiles/STM32F103_StudyCode2.elf.dir/Drivers/STM32F1xx_HAL_Driver/Src/stm32f1xx_hal_i2c.c.obj
LOAD CMakeFiles/STM32F103_StudyCode2.elf.dir/Drivers/STM32F1xx_HAL_Driver/Src/stm32f1xx_hal_pwr.c.obj
LOAD CMakeFiles/STM32F103_StudyCode2.elf.dir/Drivers/STM32F1xx_HAL_Driver/Src/stm32f1xx_hal_rcc.c.obj
LOAD CMakeFiles/STM32F103_StudyCode2.elf.dir/Drivers/STM32F1xx_HAL_Driver/Src/stm32f1xx_hal_rcc_ex.c.obj
LOAD CMakeFiles/STM32F103_StudyCode2.elf.dir/Drivers/STM32F1xx_HAL_Driver/Src/stm32f1xx_hal_tim.c.obj
LOAD CMakeFiles/STM32F103_StudyCode2.elf.dir/Drivers/STM32F1xx_HAL_Driver/Src/stm32f1xx_hal_tim_ex.c.obj
START GROUP
LOAD d:/software/jetbrains/gcc-arm-none-eabi/bin/../lib/gcc/arm-none-eabi/10.3.1/thumb/v7-m/nofp\libgcc.a
LOAD d:/software/jetbrains/gcc-arm-none-eabi/bin/../lib/gcc/arm-none-eabi/10.3.1/../../../../arm-none-eabi/lib/thumb/v7-m/nofp\libg.a
LOAD d:/software/jetbrains/gcc-arm-none-eabi/bin/../lib/gcc/arm-none-eabi/10.3.1/../../../../arm-none-eabi/lib/thumb/v7-m/nofp\libc.a
END GROUP
LOAD d:/software/jetbrains/gcc-arm-none-eabi/bin/../lib/gcc/arm-none-eabi/10.3.1/thumb/v7-m/nofp/crtend.o
LOAD d:/software/jetbrains/gcc-arm-none-eabi/bin/../lib/gcc/arm-none-eabi/10.3.1/thumb/v7-m/nofp/crtn.o
                0x20005000                _estack = (ORIGIN (RAM) + LENGTH (RAM))
                0x00000200                _Min_Heap_Size = 0x200
                0x00000400                _Min_Stack_Size = 0x400

.isr_vector     0x08000000      0x10c
                0x08000000                . = ALIGN (0x4)
 *(.isr_vector)
 .isr_vector    0x08000000      0x10c CMakeFiles/STM32F103_StudyCode2.elf.dir/Core/Startup/startup_stm32f103c8tx.s.obj
                0x08000000                g_pfnVectors
                0x0800010c                . = ALIGN (0x4)

.text           0x08000110     0x9be8
                0x08000110                . = ALIGN (0x4)
 *(.text)
 .text          0x08000110       0x40 d:/software/jetbrains/gcc-arm-none-eabi/bin/../lib/gcc/arm-none-eabi/10.3.1/thumb/v7-m/nofp/crtbegin.o
 .text          0x08000150      0x378 d:/software/jetbrains/gcc-arm-none-eabi/bin/../lib/gcc/arm-none-eabi/10.3.1/thumb/v7-m/nofp\libgcc.a(_arm_addsubdf3.o)
                0x08000150                __aeabi_drsub
                0x08000158                __aeabi_dsub
                0x08000158                __subdf3
                0x0800015c                __aeabi_dadd
                0x0800015c                __adddf3
                0x080003d4                __floatunsidf
                0x080003d4                __aeabi_ui2d
                0x080003f4                __floatsidf
                0x080003f4                __aeabi_i2d
                0x08000418                __aeabi_f2d
                0x08000418                __extendsfdf2
                0x0800045c                __floatundidf
                0x0800045c                __aeabi_ul2d
                0x0800046c                __floatdidf
                0x0800046c                __aeabi_l2d
 .text          0x080004c8      0x21c d:/software/jetbrains/gcc-arm-none-eabi/bin/../lib/gcc/arm-none-eabi/10.3.1/thumb/v7-m/nofp\libgcc.a(_arm_addsubsf3.o)
                0x080004c8                __aeabi_frsub
                0x080004d0                __subsf3
                0x080004d0                __aeabi_fsub
                0x080004d4                __aeabi_fadd
                0x080004d4                __addsf3
                0x08000634                __aeabi_ui2f
                0x08000634                __floatunsisf
                0x0800063c                __aeabi_i2f
                0x0800063c                __floatsisf
                0x08000658                __aeabi_ul2f
                0x08000658                __floatundisf
                0x08000668                __aeabi_l2f
                0x08000668                __floatdisf
 .text          0x080006e4      0x2a0 d:/software/jetbrains/gcc-arm-none-eabi/bin/../lib/gcc/arm-none-eabi/10.3.1/thumb/v7-m/nofp\libgcc.a(_arm_muldivsf3.o)
                0x080006e4                __mulsf3
                0x080006e4                __aeabi_fmul
                0x0800084c                __aeabi_fdiv
                0x0800084c                __divsf3
 .text          0x08000984       0x40 d:/software/jetbrains/gcc-arm-none-eabi/bin/../lib/gcc/arm-none-eabi/10.3.1/thumb/v7-m/nofp\libgcc.a(_arm_fixunssfsi.o)
                0x08000984                __fixunssfsi
                0x08000984                __aeabi_f2uiz
 .text          0x080009c4       0xec d:/software/jetbrains/gcc-arm-none-eabi/bin/../lib/gcc/arm-none-eabi/10.3.1/../../../../arm-none-eabi/lib/thumb/v7-m/nofp\libg.a(lib_a-memcpy.o)
                0x080009c4                memcpy
 .text          0x08000ab0      0x424 d:/software/jetbrains/gcc-arm-none-eabi/bin/../lib/gcc/arm-none-eabi/10.3.1/thumb/v7-m/nofp\libgcc.a(_arm_muldivdf3.o)
                0x08000ab0                __aeabi_dmul
                0x08000ab0                __muldf3
                0x08000d04                __divdf3
                0x08000d04                __aeabi_ddiv
 .text          0x08000ed4      0x110 d:/software/jetbrains/gcc-arm-none-eabi/bin/../lib/gcc/arm-none-eabi/10.3.1/thumb/v7-m/nofp\libgcc.a(_arm_cmpdf2.o)
                0x08000ed4                __gtdf2
                0x08000ed4                __gedf2
                0x08000edc                __ltdf2
                0x08000edc                __ledf2
                0x08000ee4                __nedf2
                0x08000ee4                __eqdf2
                0x08000ee4                __cmpdf2
                0x08000f60                __aeabi_cdrcmple
                0x08000f70                __aeabi_cdcmpeq
                0x08000f70                __aeabi_cdcmple
                0x08000f80                __aeabi_dcmpeq
                0x08000f94                __aeabi_dcmplt
                0x08000fa8                __aeabi_dcmple
                0x08000fbc                __aeabi_dcmpge
                0x08000fd0                __aeabi_dcmpgt
 .text          0x08000fe4       0x2c d:/software/jetbrains/gcc-arm-none-eabi/bin/../lib/gcc/arm-none-eabi/10.3.1/thumb/v7-m/nofp\libgcc.a(_arm_unorddf2.o)
                0x08000fe4                __unorddf2
                0x08000fe4                __aeabi_dcmpun
 .text          0x08001010       0x50 d:/software/jetbrains/gcc-arm-none-eabi/bin/../lib/gcc/arm-none-eabi/10.3.1/thumb/v7-m/nofp\libgcc.a(_arm_fixdfsi.o)
                0x08001010                __aeabi_d2iz
                0x08001010                __fixdfsi
 .text          0x08001060       0x30 d:/software/jetbrains/gcc-arm-none-eabi/bin/../lib/gcc/arm-none-eabi/10.3.1/thumb/v7-m/nofp\libgcc.a(_aeabi_uldivmod.o)
                0x08001060                __aeabi_uldivmod
 .text          0x08001090      0x2d4 d:/software/jetbrains/gcc-arm-none-eabi/bin/../lib/gcc/arm-none-eabi/10.3.1/thumb/v7-m/nofp\libgcc.a(_udivmoddi4.o)
                0x08001090                __udivmoddi4
 .text          0x08001364        0x4 d:/software/jetbrains/gcc-arm-none-eabi/bin/../lib/gcc/arm-none-eabi/10.3.1/thumb/v7-m/nofp\libgcc.a(_dvmd_tls.o)
                0x08001364                __aeabi_idiv0
                0x08001364                __aeabi_ldiv0
 *(.text*)
 .text.oled_write_byte
                0x08001368       0x34 CMakeFiles/STM32F103_StudyCode2.elf.dir/Core/Src/OLED.c.obj
                0x08001368                oled_write_byte
 .text.OLED_init
                0x0800139c       0xe4 CMakeFiles/STM32F103_StudyCode2.elf.dir/Core/Src/OLED.c.obj
                0x0800139c                OLED_init
 .text.OLED_operate_gram
                0x08001480       0x5c CMakeFiles/STM32F103_StudyCode2.elf.dir/Core/Src/OLED.c.obj
                0x08001480                OLED_operate_gram
 .text.OLED_set_pos
                0x080014dc       0x28 CMakeFiles/STM32F103_StudyCode2.elf.dir/Core/Src/OLED.c.obj
                0x080014dc                OLED_set_pos
 .text.OLED_draw_point
                0x08001504       0x84 CMakeFiles/STM32F103_StudyCode2.elf.dir/Core/Src/OLED.c.obj
                0x08001504                OLED_draw_point
 .text.OLED_show_char
                0x08001588       0x88 CMakeFiles/STM32F103_StudyCode2.elf.dir/Core/Src/OLED.c.obj
                0x08001588                OLED_show_char
 .text.OLED_refresh_gram
                0x08001610       0x38 CMakeFiles/STM32F103_StudyCode2.elf.dir/Core/Src/OLED.c.obj
                0x08001610                OLED_refresh_gram
 .text.OLED_show_string
                0x08001648       0x32 CMakeFiles/STM32F103_StudyCode2.elf.dir/Core/Src/OLED.c.obj
                0x08001648                OLED_show_string
 *fill*         0x0800167a        0x2 
 .text.OLED_LOGO
                0x0800167c       0x74 CMakeFiles/STM32F103_StudyCode2.elf.dir/Core/Src/OLED.c.obj
                0x0800167c                OLED_LOGO
 .text.MX_ADC1_Init
                0x080016f0       0x5c CMakeFiles/STM32F103_StudyCode2.elf.dir/Core/Src/adc.c.obj
                0x080016f0                MX_ADC1_Init
 .text.HAL_ADC_MspInit
                0x0800174c       0x60 CMakeFiles/STM32F103_StudyCode2.elf.dir/Core/Src/adc.c.obj
                0x0800174c                HAL_ADC_MspInit
 .text.adcx_get_chx_value
                0x080017ac       0x3c CMakeFiles/STM32F103_StudyCode2.elf.dir/Core/Src/bsp_adc.c.obj
 .text.init_vrefint_reciprocal
                0x080017e8       0x3c CMakeFiles/STM32F103_StudyCode2.elf.dir/Core/Src/bsp_adc.c.obj
                0x080017e8                init_vrefint_reciprocal
 .text.get_resistor_percent
                0x08001824       0x2c CMakeFiles/STM32F103_StudyCode2.elf.dir/Core/Src/bsp_adc.c.obj
                0x08001824                get_resistor_percent
 .text.MX_GPIO_Init
                0x08001850       0xb0 CMakeFiles/STM32F103_StudyCode2.elf.dir/Core/Src/gpio.c.obj
                0x08001850                MX_GPIO_Init
 .text.MX_I2C1_Init
                0x08001900       0x3c CMakeFiles/STM32F103_StudyCode2.elf.dir/Core/Src/i2c.c.obj
                0x08001900                MX_I2C1_Init
 .text.HAL_I2C_MspInit
                0x0800193c       0x64 CMakeFiles/STM32F103_StudyCode2.elf.dir/Core/Src/i2c.c.obj
                0x0800193c                HAL_I2C_MspInit
 .text.float_to_uint8_string
                0x080019a0       0x20 CMakeFiles/STM32F103_StudyCode2.elf.dir/Core/Src/main.c.obj
                0x080019a0                float_to_uint8_string
 .text.Error_Handler
                0x080019c0        0x4 CMakeFiles/STM32F103_StudyCode2.elf.dir/Core/Src/main.c.obj
                0x080019c0                Error_Handler
 .text.SystemClock_Config
                0x080019c4       0x88 CMakeFiles/STM32F103_StudyCode2.elf.dir/Core/Src/main.c.obj
                0x080019c4                SystemClock_Config
 .text.main     0x08001a4c      0x108 CMakeFiles/STM32F103_StudyCode2.elf.dir/Core/Src/main.c.obj
                0x08001a4c                main
 .text.HAL_MspInit
                0x08001b54       0x44 CMakeFiles/STM32F103_StudyCode2.elf.dir/Core/Src/stm32f1xx_hal_msp.c.obj
                0x08001b54                HAL_MspInit
 .text.NMI_Handler
                0x08001b98        0x8 CMakeFiles/STM32F103_StudyCode2.elf.dir/Core/Src/stm32f1xx_it.c.obj
                0x08001b98                NMI_Handler
 .text.HardFault_Handler
                0x08001ba0        0x2 CMakeFiles/STM32F103_StudyCode2.elf.dir/Core/Src/stm32f1xx_it.c.obj
                0x08001ba0                HardFault_Handler
 .text.MemManage_Handler
                0x08001ba2        0x2 CMakeFiles/STM32F103_StudyCode2.elf.dir/Core/Src/stm32f1xx_it.c.obj
                0x08001ba2                MemManage_Handler
 .text.BusFault_Handler
                0x08001ba4        0x2 CMakeFiles/STM32F103_StudyCode2.elf.dir/Core/Src/stm32f1xx_it.c.obj
                0x08001ba4                BusFault_Handler
 .text.UsageFault_Handler
                0x08001ba6        0x2 CMakeFiles/STM32F103_StudyCode2.elf.dir/Core/Src/stm32f1xx_it.c.obj
                0x08001ba6                UsageFault_Handler
 .text.SVC_Handler
                0x08001ba8        0x2 CMakeFiles/STM32F103_StudyCode2.elf.dir/Core/Src/stm32f1xx_it.c.obj
                0x08001ba8                SVC_Handler
 .text.DebugMon_Handler
                0x08001baa        0x2 CMakeFiles/STM32F103_StudyCode2.elf.dir/Core/Src/stm32f1xx_it.c.obj
                0x08001baa                DebugMon_Handler
 .text.PendSV_Handler
                0x08001bac        0x2 CMakeFiles/STM32F103_StudyCode2.elf.dir/Core/Src/stm32f1xx_it.c.obj
                0x08001bac                PendSV_Handler
 .text.SysTick_Handler
                0x08001bae        0x8 CMakeFiles/STM32F103_StudyCode2.elf.dir/Core/Src/stm32f1xx_it.c.obj
                0x08001bae                SysTick_Handler
 .text._getpid  0x08001bb6        0x4 CMakeFiles/STM32F103_StudyCode2.elf.dir/Core/Src/syscalls.c.obj
                0x08001bb6                _getpid
 .text._kill    0x08001bba       0x10 CMakeFiles/STM32F103_StudyCode2.elf.dir/Core/Src/syscalls.c.obj
                0x08001bba                _kill
 .text._exit    0x08001bca        0xc CMakeFiles/STM32F103_StudyCode2.elf.dir/Core/Src/syscalls.c.obj
                0x08001bca                _exit
 .text._read    0x08001bd6       0x20 CMakeFiles/STM32F103_StudyCode2.elf.dir/Core/Src/syscalls.c.obj
                0x08001bd6                _read
 .text._write   0x08001bf6       0x1c CMakeFiles/STM32F103_StudyCode2.elf.dir/Core/Src/syscalls.c.obj
                0x08001bf6                _write
 .text._close   0x08001c12        0x6 CMakeFiles/STM32F103_StudyCode2.elf.dir/Core/Src/syscalls.c.obj
                0x08001c12                _close
 .text._fstat   0x08001c18        0xa CMakeFiles/STM32F103_StudyCode2.elf.dir/Core/Src/syscalls.c.obj
                0x08001c18                _fstat
 .text._isatty  0x08001c22        0x4 CMakeFiles/STM32F103_StudyCode2.elf.dir/Core/Src/syscalls.c.obj
                0x08001c22                _isatty
 .text._lseek   0x08001c26        0x4 CMakeFiles/STM32F103_StudyCode2.elf.dir/Core/Src/syscalls.c.obj
                0x08001c26                _lseek
 *fill*         0x08001c2a        0x2 
 .text._sbrk    0x08001c2c       0x48 CMakeFiles/STM32F103_StudyCode2.elf.dir/Core/Src/sysmem.c.obj
                0x08001c2c                _sbrk
 .text.SystemInit
                0x08001c74        0x2 CMakeFiles/STM32F103_StudyCode2.elf.dir/Core/Src/system_stm32f1xx.c.obj
                0x08001c74                SystemInit
 .text.HAL_TIM_Base_MspInit
                0x08001c76       0x26 CMakeFiles/STM32F103_StudyCode2.elf.dir/Core/Src/tim.c.obj
                0x08001c76                HAL_TIM_Base_MspInit
 .text.HAL_TIM_MspPostInit
                0x08001c9c       0x4c CMakeFiles/STM32F103_StudyCode2.elf.dir/Core/Src/tim.c.obj
                0x08001c9c                HAL_TIM_MspPostInit
 .text.MX_TIM2_Init
                0x08001ce8       0xac CMakeFiles/STM32F103_StudyCode2.elf.dir/Core/Src/tim.c.obj
                0x08001ce8                MX_TIM2_Init
 .text.Reset_Handler
                0x08001d94       0x48 CMakeFiles/STM32F103_StudyCode2.elf.dir/Core/Startup/startup_stm32f103c8tx.s.obj
                0x08001d94                Reset_Handler
 .text.Default_Handler
                0x08001ddc        0x2 CMakeFiles/STM32F103_StudyCode2.elf.dir/Core/Startup/startup_stm32f103c8tx.s.obj
                0x08001ddc                RTC_Alarm_IRQHandler
                0x08001ddc                EXTI2_IRQHandler
                0x08001ddc                TIM1_CC_IRQHandler
                0x08001ddc                PVD_IRQHandler
                0x08001ddc                EXTI3_IRQHandler
                0x08001ddc                EXTI0_IRQHandler
                0x08001ddc                I2C2_EV_IRQHandler
                0x08001ddc                ADC1_2_IRQHandler
                0x08001ddc                SPI1_IRQHandler
                0x08001ddc                TAMPER_IRQHandler
                0x08001ddc                DMA1_Channel4_IRQHandler
                0x08001ddc                USART3_IRQHandler
                0x08001ddc                RTC_IRQHandler
                0x08001ddc                DMA1_Channel7_IRQHandler
                0x08001ddc                CAN1_RX1_IRQHandler
                0x08001ddc                TIM4_IRQHandler
                0x08001ddc                I2C1_EV_IRQHandler
                0x08001ddc                DMA1_Channel6_IRQHandler
                0x08001ddc                TIM3_IRQHandler
                0x08001ddc                RCC_IRQHandler
                0x08001ddc                TIM1_TRG_COM_IRQHandler
                0x08001ddc                DMA1_Channel1_IRQHandler
                0x08001ddc                Default_Handler
                0x08001ddc                EXTI15_10_IRQHandler
                0x08001ddc                EXTI9_5_IRQHandler
                0x08001ddc                SPI2_IRQHandler
                0x08001ddc                DMA1_Channel5_IRQHandler
                0x08001ddc                EXTI4_IRQHandler
                0x08001ddc                USB_LP_CAN1_RX0_IRQHandler
                0x08001ddc                USB_HP_CAN1_TX_IRQHandler
                0x08001ddc                DMA1_Channel3_IRQHandler
                0x08001ddc                TIM1_UP_IRQHandler
                0x08001ddc                WWDG_IRQHandler
                0x08001ddc                TIM2_IRQHandler
                0x08001ddc                TIM1_BRK_IRQHandler
                0x08001ddc                EXTI1_IRQHandler
                0x08001ddc                USART2_IRQHandler
                0x08001ddc                I2C2_ER_IRQHandler
                0x08001ddc                DMA1_Channel2_IRQHandler
                0x08001ddc                CAN1_SCE_IRQHandler
                0x08001ddc                FLASH_IRQHandler
                0x08001ddc                USART1_IRQHandler
                0x08001ddc                I2C1_ER_IRQHandler
                0x08001ddc                USBWakeUp_IRQHandler
 *fill*         0x08001dde        0x2 
 .text.HAL_InitTick
                0x08001de0       0x4c CMakeFiles/STM32F103_StudyCode2.elf.dir/Drivers/STM32F1xx_HAL_Driver/Src/stm32f1xx_hal.c.obj
                0x08001de0                HAL_InitTick
 .text.HAL_Init
                0x08001e2c       0x24 CMakeFiles/STM32F103_StudyCode2.elf.dir/Drivers/STM32F1xx_HAL_Driver/Src/stm32f1xx_hal.c.obj
                0x08001e2c                HAL_Init
 .text.HAL_IncTick
                0x08001e50       0x18 CMakeFiles/STM32F103_StudyCode2.elf.dir/Drivers/STM32F1xx_HAL_Driver/Src/stm32f1xx_hal.c.obj
                0x08001e50                HAL_IncTick
 .text.HAL_GetTick
                0x08001e68        0xc CMakeFiles/STM32F103_StudyCode2.elf.dir/Drivers/STM32F1xx_HAL_Driver/Src/stm32f1xx_hal.c.obj
                0x08001e68                HAL_GetTick
 .text.HAL_Delay
                0x08001e74       0x28 CMakeFiles/STM32F103_StudyCode2.elf.dir/Drivers/STM32F1xx_HAL_Driver/Src/stm32f1xx_hal.c.obj
                0x08001e74                HAL_Delay
 .text.HAL_ADC_PollForConversion
                0x08001e9c      0x184 CMakeFiles/STM32F103_StudyCode2.elf.dir/Drivers/STM32F1xx_HAL_Driver/Src/stm32f1xx_hal_adc.c.obj
                0x08001e9c                HAL_ADC_PollForConversion
 .text.HAL_ADC_GetValue
                0x08002020        0x6 CMakeFiles/STM32F103_StudyCode2.elf.dir/Drivers/STM32F1xx_HAL_Driver/Src/stm32f1xx_hal_adc.c.obj
                0x08002020                HAL_ADC_GetValue
 *fill*         0x08002026        0x2 
 .text.HAL_ADC_ConfigChannel
                0x08002028      0x144 CMakeFiles/STM32F103_StudyCode2.elf.dir/Drivers/STM32F1xx_HAL_Driver/Src/stm32f1xx_hal_adc.c.obj
                0x08002028                HAL_ADC_ConfigChannel
 .text.ADC_Enable
                0x0800216c       0x88 CMakeFiles/STM32F103_StudyCode2.elf.dir/Drivers/STM32F1xx_HAL_Driver/Src/stm32f1xx_hal_adc.c.obj
                0x0800216c                ADC_Enable
 .text.HAL_ADC_Start
                0x080021f4       0xe8 CMakeFiles/STM32F103_StudyCode2.elf.dir/Drivers/STM32F1xx_HAL_Driver/Src/stm32f1xx_hal_adc.c.obj
                0x080021f4                HAL_ADC_Start
 .text.ADC_ConversionStop_Disable
                0x080022dc       0x56 CMakeFiles/STM32F103_StudyCode2.elf.dir/Drivers/STM32F1xx_HAL_Driver/Src/stm32f1xx_hal_adc.c.obj
                0x080022dc                ADC_ConversionStop_Disable
 *fill*         0x08002332        0x2 
 .text.HAL_ADC_Init
                0x08002334      0x108 CMakeFiles/STM32F103_StudyCode2.elf.dir/Drivers/STM32F1xx_HAL_Driver/Src/stm32f1xx_hal_adc.c.obj
                0x08002334                HAL_ADC_Init
 .text.HAL_NVIC_SetPriorityGrouping
                0x0800243c       0x24 CMakeFiles/STM32F103_StudyCode2.elf.dir/Drivers/STM32F1xx_HAL_Driver/Src/stm32f1xx_hal_cortex.c.obj
                0x0800243c                HAL_NVIC_SetPriorityGrouping
 .text.HAL_NVIC_SetPriority
                0x08002460       0x70 CMakeFiles/STM32F103_StudyCode2.elf.dir/Drivers/STM32F1xx_HAL_Driver/Src/stm32f1xx_hal_cortex.c.obj
                0x08002460                HAL_NVIC_SetPriority
 .text.HAL_SYSTICK_Config
                0x080024d0       0x28 CMakeFiles/STM32F103_StudyCode2.elf.dir/Drivers/STM32F1xx_HAL_Driver/Src/stm32f1xx_hal_cortex.c.obj
                0x080024d0                HAL_SYSTICK_Config
 .text.HAL_GPIO_Init
                0x080024f8      0x224 CMakeFiles/STM32F103_StudyCode2.elf.dir/Drivers/STM32F1xx_HAL_Driver/Src/stm32f1xx_hal_gpio.c.obj
                0x080024f8                HAL_GPIO_Init
 .text.HAL_GPIO_WritePin
                0x0800271c        0xc CMakeFiles/STM32F103_StudyCode2.elf.dir/Drivers/STM32F1xx_HAL_Driver/Src/stm32f1xx_hal_gpio.c.obj
                0x0800271c                HAL_GPIO_WritePin
 .text.I2C_IsAcknowledgeFailed
                0x08002728       0x32 CMakeFiles/STM32F103_StudyCode2.elf.dir/Drivers/STM32F1xx_HAL_Driver/Src/stm32f1xx_hal_i2c.c.obj
 .text.I2C_WaitOnFlagUntilTimeout
                0x0800275a       0xaa CMakeFiles/STM32F103_StudyCode2.elf.dir/Drivers/STM32F1xx_HAL_Driver/Src/stm32f1xx_hal_i2c.c.obj
 .text.I2C_WaitOnMasterAddressFlagUntilTimeout
                0x08002804       0xd6 CMakeFiles/STM32F103_StudyCode2.elf.dir/Drivers/STM32F1xx_HAL_Driver/Src/stm32f1xx_hal_i2c.c.obj
 *fill*         0x080028da        0x2 
 .text.I2C_MasterRequestWrite
                0x080028dc       0xb4 CMakeFiles/STM32F103_StudyCode2.elf.dir/Drivers/STM32F1xx_HAL_Driver/Src/stm32f1xx_hal_i2c.c.obj
 .text.I2C_WaitOnTXEFlagUntilTimeout
                0x08002990       0x5e CMakeFiles/STM32F103_StudyCode2.elf.dir/Drivers/STM32F1xx_HAL_Driver/Src/stm32f1xx_hal_i2c.c.obj
 .text.I2C_WaitOnBTFFlagUntilTimeout
                0x080029ee       0x5e CMakeFiles/STM32F103_StudyCode2.elf.dir/Drivers/STM32F1xx_HAL_Driver/Src/stm32f1xx_hal_i2c.c.obj
 .text.HAL_I2C_Init
                0x08002a4c      0x1bc CMakeFiles/STM32F103_StudyCode2.elf.dir/Drivers/STM32F1xx_HAL_Driver/Src/stm32f1xx_hal_i2c.c.obj
                0x08002a4c                HAL_I2C_Init
 .text.HAL_I2C_Master_Transmit
                0x08002c08      0x178 CMakeFiles/STM32F103_StudyCode2.elf.dir/Drivers/STM32F1xx_HAL_Driver/Src/stm32f1xx_hal_i2c.c.obj
                0x08002c08                HAL_I2C_Master_Transmit
 .text.RCC_Delay
                0x08002d80       0x2c CMakeFiles/STM32F103_StudyCode2.elf.dir/Drivers/STM32F1xx_HAL_Driver/Src/stm32f1xx_hal_rcc.c.obj
 .text.HAL_RCC_OscConfig
                0x08002dac      0x410 CMakeFiles/STM32F103_StudyCode2.elf.dir/Drivers/STM32F1xx_HAL_Driver/Src/stm32f1xx_hal_rcc.c.obj
                0x08002dac                HAL_RCC_OscConfig
 .text.HAL_RCC_EnableCSS
                0x080031bc        0xc CMakeFiles/STM32F103_StudyCode2.elf.dir/Drivers/STM32F1xx_HAL_Driver/Src/stm32f1xx_hal_rcc.c.obj
                0x080031bc                HAL_RCC_EnableCSS
 .text.HAL_RCC_GetSysClockFreq
                0x080031c8       0x54 CMakeFiles/STM32F103_StudyCode2.elf.dir/Drivers/STM32F1xx_HAL_Driver/Src/stm32f1xx_hal_rcc.c.obj
                0x080031c8                HAL_RCC_GetSysClockFreq
 .text.HAL_RCC_ClockConfig
                0x0800321c      0x16c CMakeFiles/STM32F103_StudyCode2.elf.dir/Drivers/STM32F1xx_HAL_Driver/Src/stm32f1xx_hal_rcc.c.obj
                0x0800321c                HAL_RCC_ClockConfig
 .text.HAL_RCC_GetHCLKFreq
                0x08003388        0xc CMakeFiles/STM32F103_StudyCode2.elf.dir/Drivers/STM32F1xx_HAL_Driver/Src/stm32f1xx_hal_rcc.c.obj
                0x08003388                HAL_RCC_GetHCLKFreq
 .text.HAL_RCC_GetPCLK1Freq
                0x08003394       0x20 CMakeFiles/STM32F103_StudyCode2.elf.dir/Drivers/STM32F1xx_HAL_Driver/Src/stm32f1xx_hal_rcc.c.obj
                0x08003394                HAL_RCC_GetPCLK1Freq
 .text.HAL_RCC_GetPCLK2Freq
                0x080033b4       0x20 CMakeFiles/STM32F103_StudyCode2.elf.dir/Drivers/STM32F1xx_HAL_Driver/Src/stm32f1xx_hal_rcc.c.obj
                0x080033b4                HAL_RCC_GetPCLK2Freq
 .text.HAL_RCC_CSSCallback
                0x080033d4        0x2 CMakeFiles/STM32F103_StudyCode2.elf.dir/Drivers/STM32F1xx_HAL_Driver/Src/stm32f1xx_hal_rcc.c.obj
                0x080033d4                HAL_RCC_CSSCallback
 *fill*         0x080033d6        0x2 
 .text.HAL_RCC_NMI_IRQHandler
                0x080033d8       0x20 CMakeFiles/STM32F103_StudyCode2.elf.dir/Drivers/STM32F1xx_HAL_Driver/Src/stm32f1xx_hal_rcc.c.obj
                0x080033d8                HAL_RCC_NMI_IRQHandler
 .text.HAL_RCCEx_PeriphCLKConfig
                0x080033f8      0x118 CMakeFiles/STM32F103_StudyCode2.elf.dir/Drivers/STM32F1xx_HAL_Driver/Src/stm32f1xx_hal_rcc_ex.c.obj
                0x080033f8                HAL_RCCEx_PeriphCLKConfig
 .text.HAL_RCCEx_GetPeriphCLKFreq
                0x08003510       0xd8 CMakeFiles/STM32F103_StudyCode2.elf.dir/Drivers/STM32F1xx_HAL_Driver/Src/stm32f1xx_hal_rcc_ex.c.obj
                0x08003510                HAL_RCCEx_GetPeriphCLKFreq
 .text.TIM_OC1_SetConfig
                0x080035e8       0x5c CMakeFiles/STM32F103_StudyCode2.elf.dir/Drivers/STM32F1xx_HAL_Driver/Src/stm32f1xx_hal_tim.c.obj
 .text.TIM_OC3_SetConfig
                0x08003644       0x64 CMakeFiles/STM32F103_StudyCode2.elf.dir/Drivers/STM32F1xx_HAL_Driver/Src/stm32f1xx_hal_tim.c.obj
 .text.TIM_OC4_SetConfig
                0x080036a8       0x48 CMakeFiles/STM32F103_StudyCode2.elf.dir/Drivers/STM32F1xx_HAL_Driver/Src/stm32f1xx_hal_tim.c.obj
 .text.TIM_TI1_ConfigInputStage
                0x080036f0       0x24 CMakeFiles/STM32F103_StudyCode2.elf.dir/Drivers/STM32F1xx_HAL_Driver/Src/stm32f1xx_hal_tim.c.obj
 .text.TIM_TI2_ConfigInputStage
                0x08003714       0x26 CMakeFiles/STM32F103_StudyCode2.elf.dir/Drivers/STM32F1xx_HAL_Driver/Src/stm32f1xx_hal_tim.c.obj
 .text.TIM_ITRx_SetConfig
                0x0800373a       0x10 CMakeFiles/STM32F103_StudyCode2.elf.dir/Drivers/STM32F1xx_HAL_Driver/Src/stm32f1xx_hal_tim.c.obj
 *fill*         0x0800374a        0x2 
 .text.HAL_TIM_Base_Start
                0x0800374c       0x5c CMakeFiles/STM32F103_StudyCode2.elf.dir/Drivers/STM32F1xx_HAL_Driver/Src/stm32f1xx_hal_tim.c.obj
                0x0800374c                HAL_TIM_Base_Start
 .text.HAL_TIM_PWM_MspInit
                0x080037a8        0x2 CMakeFiles/STM32F103_StudyCode2.elf.dir/Drivers/STM32F1xx_HAL_Driver/Src/stm32f1xx_hal_tim.c.obj
                0x080037a8                HAL_TIM_PWM_MspInit
 *fill*         0x080037aa        0x2 
 .text.TIM_Base_SetConfig
                0x080037ac       0x74 CMakeFiles/STM32F103_StudyCode2.elf.dir/Drivers/STM32F1xx_HAL_Driver/Src/stm32f1xx_hal_tim.c.obj
                0x080037ac                TIM_Base_SetConfig
 .text.HAL_TIM_Base_Init
                0x08003820       0x58 CMakeFiles/STM32F103_StudyCode2.elf.dir/Drivers/STM32F1xx_HAL_Driver/Src/stm32f1xx_hal_tim.c.obj
                0x08003820                HAL_TIM_Base_Init
 .text.HAL_TIM_PWM_Init
                0x08003878       0x58 CMakeFiles/STM32F103_StudyCode2.elf.dir/Drivers/STM32F1xx_HAL_Driver/Src/stm32f1xx_hal_tim.c.obj
                0x08003878                HAL_TIM_PWM_Init
 .text.TIM_OC2_SetConfig
                0x080038d0       0x64 CMakeFiles/STM32F103_StudyCode2.elf.dir/Drivers/STM32F1xx_HAL_Driver/Src/stm32f1xx_hal_tim.c.obj
                0x080038d0                TIM_OC2_SetConfig
 .text.HAL_TIM_PWM_ConfigChannel
                0x08003934       0xdc CMakeFiles/STM32F103_StudyCode2.elf.dir/Drivers/STM32F1xx_HAL_Driver/Src/stm32f1xx_hal_tim.c.obj
                0x08003934                HAL_TIM_PWM_ConfigChannel
 .text.TIM_ETR_SetConfig
                0x08003a10       0x18 CMakeFiles/STM32F103_StudyCode2.elf.dir/Drivers/STM32F1xx_HAL_Driver/Src/stm32f1xx_hal_tim.c.obj
                0x08003a10                TIM_ETR_SetConfig
 .text.HAL_TIM_ConfigClockSource
                0x08003a28       0xfe CMakeFiles/STM32F103_StudyCode2.elf.dir/Drivers/STM32F1xx_HAL_Driver/Src/stm32f1xx_hal_tim.c.obj
                0x08003a28                HAL_TIM_ConfigClockSource
 .text.TIM_CCxChannelCmd
                0x08003b26       0x1e CMakeFiles/STM32F103_StudyCode2.elf.dir/Drivers/STM32F1xx_HAL_Driver/Src/stm32f1xx_hal_tim.c.obj
                0x08003b26                TIM_CCxChannelCmd
 .text.HAL_TIM_PWM_Start
                0x08003b44       0xdc CMakeFiles/STM32F103_StudyCode2.elf.dir/Drivers/STM32F1xx_HAL_Driver/Src/stm32f1xx_hal_tim.c.obj
                0x08003b44                HAL_TIM_PWM_Start
 .text.HAL_TIMEx_MasterConfigSynchronization
                0x08003c20       0x6c CMakeFiles/STM32F103_StudyCode2.elf.dir/Drivers/STM32F1xx_HAL_Driver/Src/stm32f1xx_hal_tim_ex.c.obj
                0x08003c20                HAL_TIMEx_MasterConfigSynchronization
 .text.__errno  0x08003c8c        0xc d:/software/jetbrains/gcc-arm-none-eabi/bin/../lib/gcc/arm-none-eabi/10.3.1/../../../../arm-none-eabi/lib/thumb/v7-m/nofp\libg.a(lib_a-errno.o)
                0x08003c8c                __errno
 .text.__libc_init_array
                0x08003c98       0x48 d:/software/jetbrains/gcc-arm-none-eabi/bin/../lib/gcc/arm-none-eabi/10.3.1/../../../../arm-none-eabi/lib/thumb/v7-m/nofp\libg.a(lib_a-init.o)
                0x08003c98                __libc_init_array
 .text.memset   0x08003ce0       0xa4 d:/software/jetbrains/gcc-arm-none-eabi/bin/../lib/gcc/arm-none-eabi/10.3.1/../../../../arm-none-eabi/lib/thumb/v7-m/nofp\libg.a(lib_a-memset.o)
                0x08003ce0                memset
 .text.snprintf
                0x08003d84       0x84 d:/software/jetbrains/gcc-arm-none-eabi/bin/../lib/gcc/arm-none-eabi/10.3.1/../../../../arm-none-eabi/lib/thumb/v7-m/nofp\libg.a(lib_a-snprintf.o)
                0x08003d84                snprintf
 .text._svfprintf_r
                0x08003e08     0x1aa4 d:/software/jetbrains/gcc-arm-none-eabi/bin/../lib/gcc/arm-none-eabi/10.3.1/../../../../arm-none-eabi/lib/thumb/v7-m/nofp\libg.a(lib_a-svfprintf.o)
                0x08003e08                _svfprintf_r
 .text.startup.register_fini
                0x080058ac       0x14 d:/software/jetbrains/gcc-arm-none-eabi/bin/../lib/gcc/arm-none-eabi/10.3.1/../../../../arm-none-eabi/lib/thumb/v7-m/nofp\libg.a(lib_a-__call_atexit.o)
 .text.atexit   0x080058c0        0xc d:/software/jetbrains/gcc-arm-none-eabi/bin/../lib/gcc/arm-none-eabi/10.3.1/../../../../arm-none-eabi/lib/thumb/v7-m/nofp\libg.a(lib_a-atexit.o)
                0x080058c0                atexit
 .text.quorem   0x080058cc      0x12c d:/software/jetbrains/gcc-arm-none-eabi/bin/../lib/gcc/arm-none-eabi/10.3.1/../../../../arm-none-eabi/lib/thumb/v7-m/nofp\libg.a(lib_a-dtoa.o)
 .text._dtoa_r  0x080059f8      0xecc d:/software/jetbrains/gcc-arm-none-eabi/bin/../lib/gcc/arm-none-eabi/10.3.1/../../../../arm-none-eabi/lib/thumb/v7-m/nofp\libg.a(lib_a-dtoa.o)
                0x080059f8                _dtoa_r
 .text.__libc_fini_array
                0x080068c4       0x2c d:/software/jetbrains/gcc-arm-none-eabi/bin/../lib/gcc/arm-none-eabi/10.3.1/../../../../arm-none-eabi/lib/thumb/v7-m/nofp\libg.a(lib_a-fini.o)
                0x080068c4                __libc_fini_array
 .text._malloc_trim_r
                0x080068f0       0xa0 d:/software/jetbrains/gcc-arm-none-eabi/bin/../lib/gcc/arm-none-eabi/10.3.1/../../../../arm-none-eabi/lib/thumb/v7-m/nofp\libg.a(lib_a-freer.o)
                0x080068f0                _malloc_trim_r
 .text._free_r  0x08006990      0x200 d:/software/jetbrains/gcc-arm-none-eabi/bin/../lib/gcc/arm-none-eabi/10.3.1/../../../../arm-none-eabi/lib/thumb/v7-m/nofp\libg.a(lib_a-freer.o)
                0x08006990                _free_r
 .text._localeconv_r
                0x08006b90        0x8 d:/software/jetbrains/gcc-arm-none-eabi/bin/../lib/gcc/arm-none-eabi/10.3.1/../../../../arm-none-eabi/lib/thumb/v7-m/nofp\libg.a(lib_a-localeconv.o)
                0x08006b90                _localeconv_r
 .text.__retarget_lock_init_recursive
                0x08006b98        0x4 d:/software/jetbrains/gcc-arm-none-eabi/bin/../lib/gcc/arm-none-eabi/10.3.1/../../../../arm-none-eabi/lib/thumb/v7-m/nofp\libg.a(lib_a-lock.o)
                0x08006b98                __retarget_lock_init_recursive
 .text.__retarget_lock_close_recursive
                0x08006b9c        0x4 d:/software/jetbrains/gcc-arm-none-eabi/bin/../lib/gcc/arm-none-eabi/10.3.1/../../../../arm-none-eabi/lib/thumb/v7-m/nofp\libg.a(lib_a-lock.o)
                0x08006b9c                __retarget_lock_close_recursive
 .text.__retarget_lock_acquire_recursive
                0x08006ba0        0x4 d:/software/jetbrains/gcc-arm-none-eabi/bin/../lib/gcc/arm-none-eabi/10.3.1/../../../../arm-none-eabi/lib/thumb/v7-m/nofp\libg.a(lib_a-lock.o)
                0x08006ba0                __retarget_lock_acquire_recursive
 .text.__retarget_lock_release_recursive
                0x08006ba4        0x4 d:/software/jetbrains/gcc-arm-none-eabi/bin/../lib/gcc/arm-none-eabi/10.3.1/../../../../arm-none-eabi/lib/thumb/v7-m/nofp\libg.a(lib_a-lock.o)
                0x08006ba4                __retarget_lock_release_recursive
 .text._malloc_r
                0x08006ba8      0x558 d:/software/jetbrains/gcc-arm-none-eabi/bin/../lib/gcc/arm-none-eabi/10.3.1/../../../../arm-none-eabi/lib/thumb/v7-m/nofp\libg.a(lib_a-mallocr.o)
                0x08006ba8                _malloc_r
 .text.memchr   0x08007100       0x90 d:/software/jetbrains/gcc-arm-none-eabi/bin/../lib/gcc/arm-none-eabi/10.3.1/../../../../arm-none-eabi/lib/thumb/v7-m/nofp\libg.a(lib_a-memchr-stub.o)
                0x08007100                memchr
 .text.__malloc_lock
                0x08007190        0xc d:/software/jetbrains/gcc-arm-none-eabi/bin/../lib/gcc/arm-none-eabi/10.3.1/../../../../arm-none-eabi/lib/thumb/v7-m/nofp\libg.a(lib_a-mlock.o)
                0x08007190                __malloc_lock
 .text.__malloc_unlock
                0x0800719c        0xc d:/software/jetbrains/gcc-arm-none-eabi/bin/../lib/gcc/arm-none-eabi/10.3.1/../../../../arm-none-eabi/lib/thumb/v7-m/nofp\libg.a(lib_a-mlock.o)
                0x0800719c                __malloc_unlock
 .text._Balloc  0x080071a8       0x4c d:/software/jetbrains/gcc-arm-none-eabi/bin/../lib/gcc/arm-none-eabi/10.3.1/../../../../arm-none-eabi/lib/thumb/v7-m/nofp\libg.a(lib_a-mprec.o)
                0x080071a8                _Balloc
 .text._Bfree   0x080071f4       0x14 d:/software/jetbrains/gcc-arm-none-eabi/bin/../lib/gcc/arm-none-eabi/10.3.1/../../../../arm-none-eabi/lib/thumb/v7-m/nofp\libg.a(lib_a-mprec.o)
                0x080071f4                _Bfree
 .text.__multadd
                0x08007208       0xa4 d:/software/jetbrains/gcc-arm-none-eabi/bin/../lib/gcc/arm-none-eabi/10.3.1/../../../../arm-none-eabi/lib/thumb/v7-m/nofp\libg.a(lib_a-mprec.o)
                0x08007208                __multadd
 .text.__hi0bits
                0x080072ac       0x40 d:/software/jetbrains/gcc-arm-none-eabi/bin/../lib/gcc/arm-none-eabi/10.3.1/../../../../arm-none-eabi/lib/thumb/v7-m/nofp\libg.a(lib_a-mprec.o)
                0x080072ac                __hi0bits
 .text.__lo0bits
                0x080072ec       0x58 d:/software/jetbrains/gcc-arm-none-eabi/bin/../lib/gcc/arm-none-eabi/10.3.1/../../../../arm-none-eabi/lib/thumb/v7-m/nofp\libg.a(lib_a-mprec.o)
                0x080072ec                __lo0bits
 .text.__i2b    0x08007344       0x5c d:/software/jetbrains/gcc-arm-none-eabi/bin/../lib/gcc/arm-none-eabi/10.3.1/../../../../arm-none-eabi/lib/thumb/v7-m/nofp\libg.a(lib_a-mprec.o)
                0x08007344                __i2b
 .text.__multiply
                0x080073a0      0x15c d:/software/jetbrains/gcc-arm-none-eabi/bin/../lib/gcc/arm-none-eabi/10.3.1/../../../../arm-none-eabi/lib/thumb/v7-m/nofp\libg.a(lib_a-mprec.o)
                0x080073a0                __multiply
 .text.__pow5mult
                0x080074fc       0xb8 d:/software/jetbrains/gcc-arm-none-eabi/bin/../lib/gcc/arm-none-eabi/10.3.1/../../../../arm-none-eabi/lib/thumb/v7-m/nofp\libg.a(lib_a-mprec.o)
                0x080074fc                __pow5mult
 .text.__lshift
                0x080075b4       0xec d:/software/jetbrains/gcc-arm-none-eabi/bin/../lib/gcc/arm-none-eabi/10.3.1/../../../../arm-none-eabi/lib/thumb/v7-m/nofp\libg.a(lib_a-mprec.o)
                0x080075b4                __lshift
 .text.__mcmp   0x080076a0       0x40 d:/software/jetbrains/gcc-arm-none-eabi/bin/../lib/gcc/arm-none-eabi/10.3.1/../../../../arm-none-eabi/lib/thumb/v7-m/nofp\libg.a(lib_a-mprec.o)
                0x080076a0                __mcmp
 .text.__mdiff  0x080076e0      0x14c d:/software/jetbrains/gcc-arm-none-eabi/bin/../lib/gcc/arm-none-eabi/10.3.1/../../../../arm-none-eabi/lib/thumb/v7-m/nofp\libg.a(lib_a-mprec.o)
                0x080076e0                __mdiff
 .text.__d2b    0x0800782c       0xc4 d:/software/jetbrains/gcc-arm-none-eabi/bin/../lib/gcc/arm-none-eabi/10.3.1/../../../../arm-none-eabi/lib/thumb/v7-m/nofp\libg.a(lib_a-mprec.o)
                0x0800782c                __d2b
 .text.frexp    0x080078f0       0x70 d:/software/jetbrains/gcc-arm-none-eabi/bin/../lib/gcc/arm-none-eabi/10.3.1/../../../../arm-none-eabi/lib/thumb/v7-m/nofp\libg.a(lib_a-s_frexp.o)
                0x080078f0                frexp
 .text._sbrk_r  0x08007960       0x24 d:/software/jetbrains/gcc-arm-none-eabi/bin/../lib/gcc/arm-none-eabi/10.3.1/../../../../arm-none-eabi/lib/thumb/v7-m/nofp\libg.a(lib_a-sbrkr.o)
                0x08007960                _sbrk_r
 .text.strlen   0x08007984       0x5c d:/software/jetbrains/gcc-arm-none-eabi/bin/../lib/gcc/arm-none-eabi/10.3.1/../../../../arm-none-eabi/lib/thumb/v7-m/nofp\libg.a(lib_a-strlen-stub.o)
                0x08007984                strlen
 .text.strncpy  0x080079e0       0x68 d:/software/jetbrains/gcc-arm-none-eabi/bin/../lib/gcc/arm-none-eabi/10.3.1/../../../../arm-none-eabi/lib/thumb/v7-m/nofp\libg.a(lib_a-strncpy.o)
                0x080079e0                strncpy
 .text.__ssprint_r
                0x08007a48       0xfc d:/software/jetbrains/gcc-arm-none-eabi/bin/../lib/gcc/arm-none-eabi/10.3.1/../../../../arm-none-eabi/lib/thumb/v7-m/nofp\libg.a(lib_a-svfiprintf.o)
                0x08007a48                __ssprint_r
 .text.__register_exitproc
                0x08007b44       0x8c d:/software/jetbrains/gcc-arm-none-eabi/bin/../lib/gcc/arm-none-eabi/10.3.1/../../../../arm-none-eabi/lib/thumb/v7-m/nofp\libg.a(lib_a-__atexit.o)
                0x08007b44                __register_exitproc
 .text.__assert_func
                0x08007bd0       0x40 d:/software/jetbrains/gcc-arm-none-eabi/bin/../lib/gcc/arm-none-eabi/10.3.1/../../../../arm-none-eabi/lib/thumb/v7-m/nofp\libg.a(lib_a-assert.o)
                0x08007bd0                __assert_func
 .text._calloc_r
                0x08007c10       0x78 d:/software/jetbrains/gcc-arm-none-eabi/bin/../lib/gcc/arm-none-eabi/10.3.1/../../../../arm-none-eabi/lib/thumb/v7-m/nofp\libg.a(lib_a-callocr.o)
                0x08007c10                _calloc_r
 .text.fiprintf
                0x08007c88       0x28 d:/software/jetbrains/gcc-arm-none-eabi/bin/../lib/gcc/arm-none-eabi/10.3.1/../../../../arm-none-eabi/lib/thumb/v7-m/nofp\libg.a(lib_a-fiprintf.o)
                0x08007c88                fiprintf
 .text.__locale_mb_cur_max
                0x08007cb0        0xc d:/software/jetbrains/gcc-arm-none-eabi/bin/../lib/gcc/arm-none-eabi/10.3.1/../../../../arm-none-eabi/lib/thumb/v7-m/nofp\libg.a(lib_a-locale.o)
                0x08007cb0                __locale_mb_cur_max
 .text.__ascii_mbtowc
                0x08007cbc       0x2c d:/software/jetbrains/gcc-arm-none-eabi/bin/../lib/gcc/arm-none-eabi/10.3.1/../../../../arm-none-eabi/lib/thumb/v7-m/nofp\libg.a(lib_a-mbtowc_r.o)
                0x08007cbc                __ascii_mbtowc
 .text.memmove  0x08007ce8       0xf8 d:/software/jetbrains/gcc-arm-none-eabi/bin/../lib/gcc/arm-none-eabi/10.3.1/../../../../arm-none-eabi/lib/thumb/v7-m/nofp\libg.a(lib_a-memmove.o)
                0x08007ce8                memmove
 .text._realloc_r
                0x08007de0      0x3dc d:/software/jetbrains/gcc-arm-none-eabi/bin/../lib/gcc/arm-none-eabi/10.3.1/../../../../arm-none-eabi/lib/thumb/v7-m/nofp\libg.a(lib_a-reallocr.o)
                0x08007de0                _realloc_r
 .text.__sprint_r.part.0
                0x080081bc       0x78 d:/software/jetbrains/gcc-arm-none-eabi/bin/../lib/gcc/arm-none-eabi/10.3.1/../../../../arm-none-eabi/lib/thumb/v7-m/nofp\libg.a(lib_a-vfiprintf.o)
 .text._vfiprintf_r
                0x08008234      0xd98 d:/software/jetbrains/gcc-arm-none-eabi/bin/../lib/gcc/arm-none-eabi/10.3.1/../../../../arm-none-eabi/lib/thumb/v7-m/nofp\libg.a(lib_a-vfiprintf.o)
                0x08008234                _vfiprintf_r
 .text.__sbprintf
                0x08008fcc       0x84 d:/software/jetbrains/gcc-arm-none-eabi/bin/../lib/gcc/arm-none-eabi/10.3.1/../../../../arm-none-eabi/lib/thumb/v7-m/nofp\libg.a(lib_a-vfiprintf.o)
 .text.__ascii_wctomb
                0x08009050       0x1c d:/software/jetbrains/gcc-arm-none-eabi/bin/../lib/gcc/arm-none-eabi/10.3.1/../../../../arm-none-eabi/lib/thumb/v7-m/nofp\libg.a(lib_a-wctomb_r.o)
                0x08009050                __ascii_wctomb
 .text.__swsetup_r
                0x0800906c       0xd4 d:/software/jetbrains/gcc-arm-none-eabi/bin/../lib/gcc/arm-none-eabi/10.3.1/../../../../arm-none-eabi/lib/thumb/v7-m/nofp\libg.a(lib_a-wsetup.o)
                0x0800906c                __swsetup_r
 .text.abort    0x08009140       0x10 d:/software/jetbrains/gcc-arm-none-eabi/bin/../lib/gcc/arm-none-eabi/10.3.1/../../../../arm-none-eabi/lib/thumb/v7-m/nofp\libg.a(lib_a-abort.o)
                0x08009140                abort
 .text.__sflush_r
                0x08009150      0x124 d:/software/jetbrains/gcc-arm-none-eabi/bin/../lib/gcc/arm-none-eabi/10.3.1/../../../../arm-none-eabi/lib/thumb/v7-m/nofp\libg.a(lib_a-fflush.o)
                0x08009150                __sflush_r
 .text._fflush_r
                0x08009274       0x5c d:/software/jetbrains/gcc-arm-none-eabi/bin/../lib/gcc/arm-none-eabi/10.3.1/../../../../arm-none-eabi/lib/thumb/v7-m/nofp\libg.a(lib_a-fflush.o)
                0x08009274                _fflush_r
 .text._cleanup_r
                0x080092d0        0xc d:/software/jetbrains/gcc-arm-none-eabi/bin/../lib/gcc/arm-none-eabi/10.3.1/../../../../arm-none-eabi/lib/thumb/v7-m/nofp\libg.a(lib_a-findfp.o)
                0x080092d0                _cleanup_r
 .text.__sinit  0x080092dc      0x10c d:/software/jetbrains/gcc-arm-none-eabi/bin/../lib/gcc/arm-none-eabi/10.3.1/../../../../arm-none-eabi/lib/thumb/v7-m/nofp\libg.a(lib_a-findfp.o)
                0x080092dc                __sinit
 .text.__sfp_lock_acquire
                0x080093e8        0xc d:/software/jetbrains/gcc-arm-none-eabi/bin/../lib/gcc/arm-none-eabi/10.3.1/../../../../arm-none-eabi/lib/thumb/v7-m/nofp\libg.a(lib_a-findfp.o)
                0x080093e8                __sfp_lock_acquire
 .text.__sfp_lock_release
                0x080093f4        0xc d:/software/jetbrains/gcc-arm-none-eabi/bin/../lib/gcc/arm-none-eabi/10.3.1/../../../../arm-none-eabi/lib/thumb/v7-m/nofp\libg.a(lib_a-findfp.o)
                0x080093f4                __sfp_lock_release
 .text.__fputwc
                0x08009400       0xa0 d:/software/jetbrains/gcc-arm-none-eabi/bin/../lib/gcc/arm-none-eabi/10.3.1/../../../../arm-none-eabi/lib/thumb/v7-m/nofp\libg.a(lib_a-fputwc.o)
                0x08009400                __fputwc
 .text._fputwc_r
                0x080094a0       0x68 d:/software/jetbrains/gcc-arm-none-eabi/bin/../lib/gcc/arm-none-eabi/10.3.1/../../../../arm-none-eabi/lib/thumb/v7-m/nofp\libg.a(lib_a-fputwc.o)
                0x080094a0                _fputwc_r
 .text.__sfvwrite_r
                0x08009508      0x2f0 d:/software/jetbrains/gcc-arm-none-eabi/bin/../lib/gcc/arm-none-eabi/10.3.1/../../../../arm-none-eabi/lib/thumb/v7-m/nofp\libg.a(lib_a-fvwrite.o)
                0x08009508                __sfvwrite_r
 .text._fwalk_reent
                0x080097f8       0x48 d:/software/jetbrains/gcc-arm-none-eabi/bin/../lib/gcc/arm-none-eabi/10.3.1/../../../../arm-none-eabi/lib/thumb/v7-m/nofp\libg.a(lib_a-fwalk.o)
                0x080097f8                _fwalk_reent
 .text.__smakebuf_r
                0x08009840       0xe0 d:/software/jetbrains/gcc-arm-none-eabi/bin/../lib/gcc/arm-none-eabi/10.3.1/../../../../arm-none-eabi/lib/thumb/v7-m/nofp\libg.a(lib_a-makebuf.o)
                0x08009840                __smakebuf_r
 .text.raise    0x08009920       0x5c d:/software/jetbrains/gcc-arm-none-eabi/bin/../lib/gcc/arm-none-eabi/10.3.1/../../../../arm-none-eabi/lib/thumb/v7-m/nofp\libg.a(lib_a-signal.o)
                0x08009920                raise
 .text._kill_r  0x0800997c       0x28 d:/software/jetbrains/gcc-arm-none-eabi/bin/../lib/gcc/arm-none-eabi/10.3.1/../../../../arm-none-eabi/lib/thumb/v7-m/nofp\libg.a(lib_a-signalr.o)
                0x0800997c                _kill_r
 .text._getpid_r
                0x080099a4        0x4 d:/software/jetbrains/gcc-arm-none-eabi/bin/../lib/gcc/arm-none-eabi/10.3.1/../../../../arm-none-eabi/lib/thumb/v7-m/nofp\libg.a(lib_a-signalr.o)
                0x080099a4                _getpid_r
 .text.__sread  0x080099a8       0x24 d:/software/jetbrains/gcc-arm-none-eabi/bin/../lib/gcc/arm-none-eabi/10.3.1/../../../../arm-none-eabi/lib/thumb/v7-m/nofp\libg.a(lib_a-stdio.o)
                0x080099a8                __sread
 .text.__swrite
                0x080099cc       0x40 d:/software/jetbrains/gcc-arm-none-eabi/bin/../lib/gcc/arm-none-eabi/10.3.1/../../../../arm-none-eabi/lib/thumb/v7-m/nofp\libg.a(lib_a-stdio.o)
                0x080099cc                __swrite
 .text.__sseek  0x08009a0c       0x20 d:/software/jetbrains/gcc-arm-none-eabi/bin/../lib/gcc/arm-none-eabi/10.3.1/../../../../arm-none-eabi/lib/thumb/v7-m/nofp\libg.a(lib_a-stdio.o)
                0x08009a0c                __sseek
 .text.__sclose
                0x08009a2c        0x8 d:/software/jetbrains/gcc-arm-none-eabi/bin/../lib/gcc/arm-none-eabi/10.3.1/../../../../arm-none-eabi/lib/thumb/v7-m/nofp\libg.a(lib_a-stdio.o)
                0x08009a2c                __sclose
 .text.__swbuf_r
                0x08009a34       0xb0 d:/software/jetbrains/gcc-arm-none-eabi/bin/../lib/gcc/arm-none-eabi/10.3.1/../../../../arm-none-eabi/lib/thumb/v7-m/nofp\libg.a(lib_a-wbuf.o)
                0x08009a34                __swbuf_r
 .text._wcrtomb_r
                0x08009ae4       0x3c d:/software/jetbrains/gcc-arm-none-eabi/bin/../lib/gcc/arm-none-eabi/10.3.1/../../../../arm-none-eabi/lib/thumb/v7-m/nofp\libg.a(lib_a-wcrtomb.o)
                0x08009ae4                _wcrtomb_r
 .text._write_r
                0x08009b20       0x2c d:/software/jetbrains/gcc-arm-none-eabi/bin/../lib/gcc/arm-none-eabi/10.3.1/../../../../arm-none-eabi/lib/thumb/v7-m/nofp\libg.a(lib_a-writer.o)
                0x08009b20                _write_r
 .text._close_r
                0x08009b4c       0x24 d:/software/jetbrains/gcc-arm-none-eabi/bin/../lib/gcc/arm-none-eabi/10.3.1/../../../../arm-none-eabi/lib/thumb/v7-m/nofp\libg.a(lib_a-closer.o)
                0x08009b4c                _close_r
 .text._fclose_r
                0x08009b70       0xcc d:/software/jetbrains/gcc-arm-none-eabi/bin/../lib/gcc/arm-none-eabi/10.3.1/../../../../arm-none-eabi/lib/thumb/v7-m/nofp\libg.a(lib_a-fclose.o)
                0x08009b70                _fclose_r
 .text._fstat_r
                0x08009c3c       0x28 d:/software/jetbrains/gcc-arm-none-eabi/bin/../lib/gcc/arm-none-eabi/10.3.1/../../../../arm-none-eabi/lib/thumb/v7-m/nofp\libg.a(lib_a-fstatr.o)
                0x08009c3c                _fstat_r
 .text._isatty_r
                0x08009c64       0x24 d:/software/jetbrains/gcc-arm-none-eabi/bin/../lib/gcc/arm-none-eabi/10.3.1/../../../../arm-none-eabi/lib/thumb/v7-m/nofp\libg.a(lib_a-isattyr.o)
                0x08009c64                _isatty_r
 .text._lseek_r
                0x08009c88       0x2c d:/software/jetbrains/gcc-arm-none-eabi/bin/../lib/gcc/arm-none-eabi/10.3.1/../../../../arm-none-eabi/lib/thumb/v7-m/nofp\libg.a(lib_a-lseekr.o)
                0x08009c88                _lseek_r
 .text._read_r  0x08009cb4       0x2c d:/software/jetbrains/gcc-arm-none-eabi/bin/../lib/gcc/arm-none-eabi/10.3.1/../../../../arm-none-eabi/lib/thumb/v7-m/nofp\libg.a(lib_a-readr.o)
                0x08009cb4                _read_r
 *(.glue_7)
 .glue_7        0x08009ce0        0x0 linker stubs
 *(.glue_7t)
 .glue_7t       0x08009ce0        0x0 linker stubs
 *(.eh_frame)
 .eh_frame      0x08009ce0        0x0 d:/software/jetbrains/gcc-arm-none-eabi/bin/../lib/gcc/arm-none-eabi/10.3.1/thumb/v7-m/nofp/crtbegin.o
 *(.init)
 .init          0x08009ce0        0x4 d:/software/jetbrains/gcc-arm-none-eabi/bin/../lib/gcc/arm-none-eabi/10.3.1/thumb/v7-m/nofp/crti.o
                0x08009ce0                _init
 .init          0x08009ce4        0x8 d:/software/jetbrains/gcc-arm-none-eabi/bin/../lib/gcc/arm-none-eabi/10.3.1/thumb/v7-m/nofp/crtn.o
 *(.fini)
 .fini          0x08009cec        0x4 d:/software/jetbrains/gcc-arm-none-eabi/bin/../lib/gcc/arm-none-eabi/10.3.1/thumb/v7-m/nofp/crti.o
                0x08009cec                _fini
 .fini          0x08009cf0        0x8 d:/software/jetbrains/gcc-arm-none-eabi/bin/../lib/gcc/arm-none-eabi/10.3.1/thumb/v7-m/nofp/crtn.o
                0x08009cf8                . = ALIGN (0x4)
                0x08009cf8                _etext = .

.vfp11_veneer   0x08009cf8        0x0
 .vfp11_veneer  0x08009cf8        0x0 linker stubs

.v4_bx          0x08009cf8        0x0
 .v4_bx         0x08009cf8        0x0 linker stubs

.iplt           0x08009cf8        0x0
 .iplt          0x08009cf8        0x0 d:/software/jetbrains/gcc-arm-none-eabi/bin/../lib/gcc/arm-none-eabi/10.3.1/thumb/v7-m/nofp/crtbegin.o

.rodata         0x08009cf8      0xcf0
                0x08009cf8                . = ALIGN (0x4)
 *(.rodata)
 *(.rodata*)
 .rodata.LOGO_BMP
                0x08009cf8      0x400 CMakeFiles/STM32F103_StudyCode2.elf.dir/Core/Src/OLED.c.obj
                0x08009cf8                LOGO_BMP
 .rodata.asc2_1206
                0x0800a0f8      0x474 CMakeFiles/STM32F103_StudyCode2.elf.dir/Core/Src/OLED.c.obj
                0x0800a0f8                asc2_1206
 .rodata.float_to_uint8_string.str1.4
                0x0800a56c        0x5 CMakeFiles/STM32F103_StudyCode2.elf.dir/Core/Src/main.c.obj
 *fill*         0x0800a571        0x3 
 .rodata.main.str1.4
                0x0800a574       0x33 CMakeFiles/STM32F103_StudyCode2.elf.dir/Core/Src/main.c.obj
 *fill*         0x0800a5a7        0x1 
 .rodata.AHBPrescTable
                0x0800a5a8       0x10 CMakeFiles/STM32F103_StudyCode2.elf.dir/Core/Src/system_stm32f1xx.c.obj
                0x0800a5a8                AHBPrescTable
 .rodata.APBPrescTable
                0x0800a5b8        0x8 CMakeFiles/STM32F103_StudyCode2.elf.dir/Core/Src/system_stm32f1xx.c.obj
                0x0800a5b8                APBPrescTable
 .rodata.aPLLMULFactorTable.1
                0x0800a5c0       0x10 CMakeFiles/STM32F103_StudyCode2.elf.dir/Drivers/STM32F1xx_HAL_Driver/Src/stm32f1xx_hal_rcc.c.obj
 .rodata.aPredivFactorTable.0
                0x0800a5d0        0x2 CMakeFiles/STM32F103_StudyCode2.elf.dir/Drivers/STM32F1xx_HAL_Driver/Src/stm32f1xx_hal_rcc.c.obj
 *fill*         0x0800a5d2        0x2 
 .rodata.aPLLMULFactorTable.1
                0x0800a5d4       0x10 CMakeFiles/STM32F103_StudyCode2.elf.dir/Drivers/STM32F1xx_HAL_Driver/Src/stm32f1xx_hal_rcc_ex.c.obj
 .rodata.aPredivFactorTable.0
                0x0800a5e4        0x2 CMakeFiles/STM32F103_StudyCode2.elf.dir/Drivers/STM32F1xx_HAL_Driver/Src/stm32f1xx_hal_rcc_ex.c.obj
 *fill*         0x0800a5e6        0x2 
 .rodata._global_impure_ptr
                0x0800a5e8        0x4 d:/software/jetbrains/gcc-arm-none-eabi/bin/../lib/gcc/arm-none-eabi/10.3.1/../../../../arm-none-eabi/lib/thumb/v7-m/nofp\libg.a(lib_a-impure.o)
                0x0800a5e8                _global_impure_ptr
 .rodata._svfprintf_r.str1.4
                0x0800a5ec       0x42 d:/software/jetbrains/gcc-arm-none-eabi/bin/../lib/gcc/arm-none-eabi/10.3.1/../../../../arm-none-eabi/lib/thumb/v7-m/nofp\libg.a(lib_a-svfprintf.o)
 *fill*         0x0800a62e        0x2 
 .rodata.blanks.1
                0x0800a630       0x10 d:/software/jetbrains/gcc-arm-none-eabi/bin/../lib/gcc/arm-none-eabi/10.3.1/../../../../arm-none-eabi/lib/thumb/v7-m/nofp\libg.a(lib_a-svfprintf.o)
 .rodata.zeroes.0
                0x0800a640       0x10 d:/software/jetbrains/gcc-arm-none-eabi/bin/../lib/gcc/arm-none-eabi/10.3.1/../../../../arm-none-eabi/lib/thumb/v7-m/nofp\libg.a(lib_a-svfprintf.o)
 .rodata._dtoa_r.str1.4
                0x0800a650       0xa2 d:/software/jetbrains/gcc-arm-none-eabi/bin/../lib/gcc/arm-none-eabi/10.3.1/../../../../arm-none-eabi/lib/thumb/v7-m/nofp\libg.a(lib_a-dtoa.o)
                                 0xa6 (size before relaxing)
 *fill*         0x0800a6f2        0x2 
 .rodata.__multadd.str1.4
                0x0800a6f4       0x7f d:/software/jetbrains/gcc-arm-none-eabi/bin/../lib/gcc/arm-none-eabi/10.3.1/../../../../arm-none-eabi/lib/thumb/v7-m/nofp\libg.a(lib_a-mprec.o)
                                 0x93 (size before relaxing)
 *fill*         0x0800a773        0x5 
 .rodata.__mprec_bigtens
                0x0800a778       0x28 d:/software/jetbrains/gcc-arm-none-eabi/bin/../lib/gcc/arm-none-eabi/10.3.1/../../../../arm-none-eabi/lib/thumb/v7-m/nofp\libg.a(lib_a-mprec.o)
                0x0800a778                __mprec_bigtens
 .rodata.__mprec_tens
                0x0800a7a0       0xc8 d:/software/jetbrains/gcc-arm-none-eabi/bin/../lib/gcc/arm-none-eabi/10.3.1/../../../../arm-none-eabi/lib/thumb/v7-m/nofp\libg.a(lib_a-mprec.o)
                0x0800a7a0                __mprec_tens
 .rodata.p05.0  0x0800a868        0xc d:/software/jetbrains/gcc-arm-none-eabi/bin/../lib/gcc/arm-none-eabi/10.3.1/../../../../arm-none-eabi/lib/thumb/v7-m/nofp\libg.a(lib_a-mprec.o)
 .rodata.__assert_func.str1.4
                0x0800a874       0x3f d:/software/jetbrains/gcc-arm-none-eabi/bin/../lib/gcc/arm-none-eabi/10.3.1/../../../../arm-none-eabi/lib/thumb/v7-m/nofp\libg.a(lib_a-assert.o)
                                 0x43 (size before relaxing)
 *fill*         0x0800a8b3        0x1 
 .rodata._setlocale_r.str1.4
                0x0800a8b4        0xa d:/software/jetbrains/gcc-arm-none-eabi/bin/../lib/gcc/arm-none-eabi/10.3.1/../../../../arm-none-eabi/lib/thumb/v7-m/nofp\libg.a(lib_a-locale.o)
                                  0xd (size before relaxing)
 *fill*         0x0800a8be        0x2 
 .rodata.str1.4
                0x0800a8c0        0x2 d:/software/jetbrains/gcc-arm-none-eabi/bin/../lib/gcc/arm-none-eabi/10.3.1/../../../../arm-none-eabi/lib/thumb/v7-m/nofp\libg.a(lib_a-locale.o)
 .rodata._vfiprintf_r.str1.4
                0x0800a8c2       0x2f d:/software/jetbrains/gcc-arm-none-eabi/bin/../lib/gcc/arm-none-eabi/10.3.1/../../../../arm-none-eabi/lib/thumb/v7-m/nofp\libg.a(lib_a-vfiprintf.o)
 *fill*         0x0800a8c2        0x2 
 .rodata.blanks.1
                0x0800a8c4       0x10 d:/software/jetbrains/gcc-arm-none-eabi/bin/../lib/gcc/arm-none-eabi/10.3.1/../../../../arm-none-eabi/lib/thumb/v7-m/nofp\libg.a(lib_a-vfiprintf.o)
 .rodata.zeroes.0
                0x0800a8d4       0x10 d:/software/jetbrains/gcc-arm-none-eabi/bin/../lib/gcc/arm-none-eabi/10.3.1/../../../../arm-none-eabi/lib/thumb/v7-m/nofp\libg.a(lib_a-vfiprintf.o)
 .rodata._ctype_
                0x0800a8e4      0x101 d:/software/jetbrains/gcc-arm-none-eabi/bin/../lib/gcc/arm-none-eabi/10.3.1/../../../../arm-none-eabi/lib/thumb/v7-m/nofp\libg.a(lib_a-ctype_.o)
                0x0800a8e4                _ctype_
                0x0800a9e8                . = ALIGN (0x4)
 *fill*         0x0800a9e5        0x3 

.ARM.extab      0x0800a9e8        0x0
                0x0800a9e8                . = ALIGN (0x4)
 *(.ARM.extab* .gnu.linkonce.armextab.*)
                0x0800a9e8                . = ALIGN (0x4)

.ARM            0x0800a9e8        0x8
                0x0800a9e8                . = ALIGN (0x4)
                0x0800a9e8                __exidx_start = .
 *(.ARM.exidx*)
 .ARM.exidx     0x0800a9e8        0x8 d:/software/jetbrains/gcc-arm-none-eabi/bin/../lib/gcc/arm-none-eabi/10.3.1/thumb/v7-m/nofp\libgcc.a(_udivmoddi4.o)
                0x0800a9f0                __exidx_end = .
                0x0800a9f0                . = ALIGN (0x4)

.rel.dyn        0x0800a9f0        0x0
 .rel.iplt      0x0800a9f0        0x0 d:/software/jetbrains/gcc-arm-none-eabi/bin/../lib/gcc/arm-none-eabi/10.3.1/thumb/v7-m/nofp/crtbegin.o

.preinit_array  0x0800a9f0        0x0
                0x0800a9f0                . = ALIGN (0x4)
                0x0800a9f0                PROVIDE (__preinit_array_start = .)
 *(.preinit_array*)
                0x0800a9f0                PROVIDE (__preinit_array_end = .)
                0x0800a9f0                . = ALIGN (0x4)

.init_array     0x0800a9f0        0x8
                0x0800a9f0                . = ALIGN (0x4)
                0x0800a9f0                PROVIDE (__init_array_start = .)
 *(SORT_BY_NAME(.init_array.*))
 .init_array.00000
                0x0800a9f0        0x4 d:/software/jetbrains/gcc-arm-none-eabi/bin/../lib/gcc/arm-none-eabi/10.3.1/../../../../arm-none-eabi/lib/thumb/v7-m/nofp\libg.a(lib_a-__call_atexit.o)
 *(.init_array*)
 .init_array    0x0800a9f4        0x4 d:/software/jetbrains/gcc-arm-none-eabi/bin/../lib/gcc/arm-none-eabi/10.3.1/thumb/v7-m/nofp/crtbegin.o
                0x0800a9f8                PROVIDE (__init_array_end = .)
                0x0800a9f8                . = ALIGN (0x4)

.fini_array     0x0800a9f8        0x4
                0x0800a9f8                . = ALIGN (0x4)
                0x0800a9f8                PROVIDE (__fini_array_start = .)
 *(SORT_BY_NAME(.fini_array.*))
 *(.fini_array*)
 .fini_array    0x0800a9f8        0x4 d:/software/jetbrains/gcc-arm-none-eabi/bin/../lib/gcc/arm-none-eabi/10.3.1/thumb/v7-m/nofp/crtbegin.o
                0x0800a9fc                PROVIDE (__fini_array_end = .)
                0x0800a9fc                . = ALIGN (0x4)
                0x0800a9fc                _sidata = LOADADDR (.data)

.data           0x20000000      0x9c0 load address 0x0800a9fc
                0x20000000                . = ALIGN (0x4)
                0x20000000                _sdata = .
 *(.data)
 *(.data*)
 .data.voltage_vrefint_proportion
                0x20000000        0x4 CMakeFiles/STM32F103_StudyCode2.elf.dir/Core/Src/bsp_adc.c.obj
                0x20000000                voltage_vrefint_proportion
 .data.SystemCoreClock
                0x20000004        0x4 CMakeFiles/STM32F103_StudyCode2.elf.dir/Core/Src/system_stm32f1xx.c.obj
                0x20000004                SystemCoreClock
 .data.uwTickFreq
                0x20000008        0x1 CMakeFiles/STM32F103_StudyCode2.elf.dir/Drivers/STM32F1xx_HAL_Driver/Src/stm32f1xx_hal.c.obj
                0x20000008                uwTickFreq
 *fill*         0x20000009        0x3 
 .data.uwTickPrio
                0x2000000c        0x4 CMakeFiles/STM32F103_StudyCode2.elf.dir/Drivers/STM32F1xx_HAL_Driver/Src/stm32f1xx_hal.c.obj
                0x2000000c                uwTickPrio
 .data._impure_ptr
                0x20000010        0x4 d:/software/jetbrains/gcc-arm-none-eabi/bin/../lib/gcc/arm-none-eabi/10.3.1/../../../../arm-none-eabi/lib/thumb/v7-m/nofp\libg.a(lib_a-impure.o)
                0x20000010                _impure_ptr
 *fill*         0x20000014        0x4 
 .data.impure_data
                0x20000018      0x428 d:/software/jetbrains/gcc-arm-none-eabi/bin/../lib/gcc/arm-none-eabi/10.3.1/../../../../arm-none-eabi/lib/thumb/v7-m/nofp\libg.a(lib_a-impure.o)
 .data.__atexit_recursive_mutex
                0x20000440        0x4 d:/software/jetbrains/gcc-arm-none-eabi/bin/../lib/gcc/arm-none-eabi/10.3.1/../../../../arm-none-eabi/lib/thumb/v7-m/nofp\libg.a(lib_a-__call_atexit.o)
                0x20000440                __atexit_recursive_mutex
 .data.__malloc_av_
                0x20000444      0x408 d:/software/jetbrains/gcc-arm-none-eabi/bin/../lib/gcc/arm-none-eabi/10.3.1/../../../../arm-none-eabi/lib/thumb/v7-m/nofp\libg.a(lib_a-mallocr.o)
                0x20000444                __malloc_av_
 .data.__malloc_sbrk_base
                0x2000084c        0x4 d:/software/jetbrains/gcc-arm-none-eabi/bin/../lib/gcc/arm-none-eabi/10.3.1/../../../../arm-none-eabi/lib/thumb/v7-m/nofp\libg.a(lib_a-mallocr.o)
                0x2000084c                __malloc_sbrk_base
 .data.__malloc_trim_threshold
                0x20000850        0x4 d:/software/jetbrains/gcc-arm-none-eabi/bin/../lib/gcc/arm-none-eabi/10.3.1/../../../../arm-none-eabi/lib/thumb/v7-m/nofp\libg.a(lib_a-mallocr.o)
                0x20000850                __malloc_trim_threshold
 .data.__global_locale
                0x20000854      0x16c d:/software/jetbrains/gcc-arm-none-eabi/bin/../lib/gcc/arm-none-eabi/10.3.1/../../../../arm-none-eabi/lib/thumb/v7-m/nofp\libg.a(lib_a-locale.o)
                0x20000854                __global_locale
 *(.RamFunc)
 *(.RamFunc*)
                0x200009c0                . = ALIGN (0x4)
                0x200009c0                _edata = .

.igot.plt       0x200009c0        0x0 load address 0x0800b3bc
 .igot.plt      0x200009c0        0x0 d:/software/jetbrains/gcc-arm-none-eabi/bin/../lib/gcc/arm-none-eabi/10.3.1/thumb/v7-m/nofp/crtbegin.o
                0x200009c0                . = ALIGN (0x4)

.bss            0x200009c0      0x560 load address 0x0800b3bc
                0x200009c0                _sbss = .
                0x200009c0                __bss_start__ = _sbss
 *(.bss)
 .bss           0x200009c0       0x1c d:/software/jetbrains/gcc-arm-none-eabi/bin/../lib/gcc/arm-none-eabi/10.3.1/thumb/v7-m/nofp/crtbegin.o
 *(.bss*)
 .bss.OLED_GRAM
                0x200009dc      0x400 CMakeFiles/STM32F103_StudyCode2.elf.dir/Core/Src/OLED.c.obj
 .bss.cmd_data.2
                0x20000ddc        0x2 CMakeFiles/STM32F103_StudyCode2.elf.dir/Core/Src/OLED.c.obj
 *fill*         0x20000dde        0x2 
 .bss.hadc1     0x20000de0       0x30 CMakeFiles/STM32F103_StudyCode2.elf.dir/Core/Src/adc.c.obj
                0x20000de0                hadc1
 .bss.sConfig.0
                0x20000e10        0xc CMakeFiles/STM32F103_StudyCode2.elf.dir/Core/Src/bsp_adc.c.obj
 .bss.hi2c1     0x20000e1c       0x54 CMakeFiles/STM32F103_StudyCode2.elf.dir/Core/Src/i2c.c.obj
                0x20000e1c                hi2c1
 .bss.resistor_percent
                0x20000e70        0x4 CMakeFiles/STM32F103_StudyCode2.elf.dir/Core/Src/main.c.obj
                0x20000e70                resistor_percent
 .bss.resistor_str
                0x20000e74        0x6 CMakeFiles/STM32F103_StudyCode2.elf.dir/Core/Src/main.c.obj
                0x20000e74                resistor_str
 *fill*         0x20000e7a        0x2 
 .bss.resistor_value
                0x20000e7c        0x4 CMakeFiles/STM32F103_StudyCode2.elf.dir/Core/Src/main.c.obj
                0x20000e7c                resistor_value
 .bss.resistor_voltage
                0x20000e80        0x4 CMakeFiles/STM32F103_StudyCode2.elf.dir/Core/Src/main.c.obj
                0x20000e80                resistor_voltage
 .bss.voltage_str
                0x20000e84        0x4 CMakeFiles/STM32F103_StudyCode2.elf.dir/Core/Src/main.c.obj
                0x20000e84                voltage_str
 .bss.__sbrk_heap_end
                0x20000e88        0x4 CMakeFiles/STM32F103_StudyCode2.elf.dir/Core/Src/sysmem.c.obj
 .bss.htim2     0x20000e8c       0x48 CMakeFiles/STM32F103_StudyCode2.elf.dir/Core/Src/tim.c.obj
                0x20000e8c                htim2
 .bss.uwTick    0x20000ed4        0x4 CMakeFiles/STM32F103_StudyCode2.elf.dir/Drivers/STM32F1xx_HAL_Driver/Src/stm32f1xx_hal.c.obj
                0x20000ed4                uwTick
 .bss.__lock___atexit_recursive_mutex
                0x20000ed8        0x1 d:/software/jetbrains/gcc-arm-none-eabi/bin/../lib/gcc/arm-none-eabi/10.3.1/../../../../arm-none-eabi/lib/thumb/v7-m/nofp\libg.a(lib_a-lock.o)
                0x20000ed8                __lock___atexit_recursive_mutex
 *fill*         0x20000ed9        0x3 
 .bss.__lock___malloc_recursive_mutex
                0x20000edc        0x1 d:/software/jetbrains/gcc-arm-none-eabi/bin/../lib/gcc/arm-none-eabi/10.3.1/../../../../arm-none-eabi/lib/thumb/v7-m/nofp\libg.a(lib_a-lock.o)
                0x20000edc                __lock___malloc_recursive_mutex
 *fill*         0x20000edd        0x3 
 .bss.__lock___sfp_recursive_mutex
                0x20000ee0        0x1 d:/software/jetbrains/gcc-arm-none-eabi/bin/../lib/gcc/arm-none-eabi/10.3.1/../../../../arm-none-eabi/lib/thumb/v7-m/nofp\libg.a(lib_a-lock.o)
                0x20000ee0                __lock___sfp_recursive_mutex
 *fill*         0x20000ee1        0x3 
 .bss.__lock___sinit_recursive_mutex
                0x20000ee4        0x1 d:/software/jetbrains/gcc-arm-none-eabi/bin/../lib/gcc/arm-none-eabi/10.3.1/../../../../arm-none-eabi/lib/thumb/v7-m/nofp\libg.a(lib_a-lock.o)
                0x20000ee4                __lock___sinit_recursive_mutex
 *fill*         0x20000ee5        0x3 
 .bss.__malloc_current_mallinfo
                0x20000ee8       0x28 d:/software/jetbrains/gcc-arm-none-eabi/bin/../lib/gcc/arm-none-eabi/10.3.1/../../../../arm-none-eabi/lib/thumb/v7-m/nofp\libg.a(lib_a-mallocr.o)
                0x20000ee8                __malloc_current_mallinfo
 .bss.__malloc_max_sbrked_mem
                0x20000f10        0x4 d:/software/jetbrains/gcc-arm-none-eabi/bin/../lib/gcc/arm-none-eabi/10.3.1/../../../../arm-none-eabi/lib/thumb/v7-m/nofp\libg.a(lib_a-mallocr.o)
                0x20000f10                __malloc_max_sbrked_mem
 .bss.__malloc_max_total_mem
                0x20000f14        0x4 d:/software/jetbrains/gcc-arm-none-eabi/bin/../lib/gcc/arm-none-eabi/10.3.1/../../../../arm-none-eabi/lib/thumb/v7-m/nofp\libg.a(lib_a-mallocr.o)
                0x20000f14                __malloc_max_total_mem
 .bss.__malloc_top_pad
                0x20000f18        0x4 d:/software/jetbrains/gcc-arm-none-eabi/bin/../lib/gcc/arm-none-eabi/10.3.1/../../../../arm-none-eabi/lib/thumb/v7-m/nofp\libg.a(lib_a-mallocr.o)
                0x20000f18                __malloc_top_pad
 .bss.errno     0x20000f1c        0x4 d:/software/jetbrains/gcc-arm-none-eabi/bin/../lib/gcc/arm-none-eabi/10.3.1/../../../../arm-none-eabi/lib/thumb/v7-m/nofp\libg.a(lib_a-reent.o)
                0x20000f1c                errno
 *(COMMON)
                0x20000f20                . = ALIGN (0x4)
                0x20000f20                _ebss = .
                0x20000f20                __bss_end__ = _ebss

._user_heap_stack
                0x20000f20      0x600 load address 0x0800b3bc
                0x20000f20                . = ALIGN (0x8)
                [!provide]                PROVIDE (end = .)
                0x20000f20                PROVIDE (_end = .)
                0x20001120                . = (. + _Min_Heap_Size)
 *fill*         0x20000f20      0x200 
                0x20001520                . = (. + _Min_Stack_Size)
 *fill*         0x20001120      0x400 
                0x20001520                . = ALIGN (0x8)

/DISCARD/
 libc.a(*)
 libm.a(*)
 libgcc.a(*)

.ARM.attributes
                0x00000000       0x29
 *(.ARM.attributes)
 .ARM.attributes
                0x00000000       0x1d d:/software/jetbrains/gcc-arm-none-eabi/bin/../lib/gcc/arm-none-eabi/10.3.1/thumb/v7-m/nofp/crti.o
 .ARM.attributes
                0x0000001d       0x2d d:/software/jetbrains/gcc-arm-none-eabi/bin/../lib/gcc/arm-none-eabi/10.3.1/thumb/v7-m/nofp/crtbegin.o
 .ARM.attributes
                0x0000004a       0x2d CMakeFiles/STM32F103_StudyCode2.elf.dir/Core/Src/OLED.c.obj
 .ARM.attributes
                0x00000077       0x2d CMakeFiles/STM32F103_StudyCode2.elf.dir/Core/Src/adc.c.obj
 .ARM.attributes
                0x000000a4       0x2d CMakeFiles/STM32F103_StudyCode2.elf.dir/Core/Src/bsp_adc.c.obj
 .ARM.attributes
                0x000000d1       0x2d CMakeFiles/STM32F103_StudyCode2.elf.dir/Core/Src/gpio.c.obj
 .ARM.attributes
                0x000000fe       0x2d CMakeFiles/STM32F103_StudyCode2.elf.dir/Core/Src/i2c.c.obj
 .ARM.attributes
                0x0000012b       0x2d CMakeFiles/STM32F103_StudyCode2.elf.dir/Core/Src/main.c.obj
 .ARM.attributes
                0x00000158       0x2d CMakeFiles/STM32F103_StudyCode2.elf.dir/Core/Src/stm32f1xx_hal_msp.c.obj
 .ARM.attributes
                0x00000185       0x2d CMakeFiles/STM32F103_StudyCode2.elf.dir/Core/Src/stm32f1xx_it.c.obj
 .ARM.attributes
                0x000001b2       0x2d CMakeFiles/STM32F103_StudyCode2.elf.dir/Core/Src/syscalls.c.obj
 .ARM.attributes
                0x000001df       0x2d CMakeFiles/STM32F103_StudyCode2.elf.dir/Core/Src/sysmem.c.obj
 .ARM.attributes
                0x0000020c       0x2d CMakeFiles/STM32F103_StudyCode2.elf.dir/Core/Src/system_stm32f1xx.c.obj
 .ARM.attributes
                0x00000239       0x2d CMakeFiles/STM32F103_StudyCode2.elf.dir/Core/Src/tim.c.obj
 .ARM.attributes
                0x00000266       0x21 CMakeFiles/STM32F103_StudyCode2.elf.dir/Core/Startup/startup_stm32f103c8tx.s.obj
 .ARM.attributes
                0x00000287       0x2d CMakeFiles/STM32F103_StudyCode2.elf.dir/Drivers/STM32F1xx_HAL_Driver/Src/stm32f1xx_hal.c.obj
 .ARM.attributes
                0x000002b4       0x2d CMakeFiles/STM32F103_StudyCode2.elf.dir/Drivers/STM32F1xx_HAL_Driver/Src/stm32f1xx_hal_adc.c.obj
 .ARM.attributes
                0x000002e1       0x2d CMakeFiles/STM32F103_StudyCode2.elf.dir/Drivers/STM32F1xx_HAL_Driver/Src/stm32f1xx_hal_cortex.c.obj
 .ARM.attributes
                0x0000030e       0x2d CMakeFiles/STM32F103_StudyCode2.elf.dir/Drivers/STM32F1xx_HAL_Driver/Src/stm32f1xx_hal_gpio.c.obj
 .ARM.attributes
                0x0000033b       0x2d CMakeFiles/STM32F103_StudyCode2.elf.dir/Drivers/STM32F1xx_HAL_Driver/Src/stm32f1xx_hal_i2c.c.obj
 .ARM.attributes
                0x00000368       0x2d CMakeFiles/STM32F103_StudyCode2.elf.dir/Drivers/STM32F1xx_HAL_Driver/Src/stm32f1xx_hal_rcc.c.obj
 .ARM.attributes
                0x00000395       0x2d CMakeFiles/STM32F103_StudyCode2.elf.dir/Drivers/STM32F1xx_HAL_Driver/Src/stm32f1xx_hal_rcc_ex.c.obj
 .ARM.attributes
                0x000003c2       0x2d CMakeFiles/STM32F103_StudyCode2.elf.dir/Drivers/STM32F1xx_HAL_Driver/Src/stm32f1xx_hal_tim.c.obj
 .ARM.attributes
                0x000003ef       0x2d CMakeFiles/STM32F103_StudyCode2.elf.dir/Drivers/STM32F1xx_HAL_Driver/Src/stm32f1xx_hal_tim_ex.c.obj
 .ARM.attributes
                0x0000041c       0x1d d:/software/jetbrains/gcc-arm-none-eabi/bin/../lib/gcc/arm-none-eabi/10.3.1/thumb/v7-m/nofp\libgcc.a(_arm_addsubdf3.o)
 .ARM.attributes
                0x00000439       0x1d d:/software/jetbrains/gcc-arm-none-eabi/bin/../lib/gcc/arm-none-eabi/10.3.1/thumb/v7-m/nofp\libgcc.a(_arm_addsubsf3.o)
 .ARM.attributes
                0x00000456       0x1d d:/software/jetbrains/gcc-arm-none-eabi/bin/../lib/gcc/arm-none-eabi/10.3.1/thumb/v7-m/nofp\libgcc.a(_arm_muldivsf3.o)
 .ARM.attributes
                0x00000473       0x1d d:/software/jetbrains/gcc-arm-none-eabi/bin/../lib/gcc/arm-none-eabi/10.3.1/thumb/v7-m/nofp\libgcc.a(_arm_fixunssfsi.o)
 .ARM.attributes
                0x00000490       0x2d d:/software/jetbrains/gcc-arm-none-eabi/bin/../lib/gcc/arm-none-eabi/10.3.1/../../../../arm-none-eabi/lib/thumb/v7-m/nofp\libg.a(lib_a-errno.o)
 .ARM.attributes
                0x000004bd       0x2d d:/software/jetbrains/gcc-arm-none-eabi/bin/../lib/gcc/arm-none-eabi/10.3.1/../../../../arm-none-eabi/lib/thumb/v7-m/nofp\libg.a(lib_a-impure.o)
 .ARM.attributes
                0x000004ea       0x2d d:/software/jetbrains/gcc-arm-none-eabi/bin/../lib/gcc/arm-none-eabi/10.3.1/../../../../arm-none-eabi/lib/thumb/v7-m/nofp\libg.a(lib_a-init.o)
 .ARM.attributes
                0x00000517       0x2d d:/software/jetbrains/gcc-arm-none-eabi/bin/../lib/gcc/arm-none-eabi/10.3.1/../../../../arm-none-eabi/lib/thumb/v7-m/nofp\libg.a(lib_a-memset.o)
 .ARM.attributes
                0x00000544       0x2d d:/software/jetbrains/gcc-arm-none-eabi/bin/../lib/gcc/arm-none-eabi/10.3.1/../../../../arm-none-eabi/lib/thumb/v7-m/nofp\libg.a(lib_a-snprintf.o)
 .ARM.attributes
                0x00000571       0x2d d:/software/jetbrains/gcc-arm-none-eabi/bin/../lib/gcc/arm-none-eabi/10.3.1/../../../../arm-none-eabi/lib/thumb/v7-m/nofp\libg.a(lib_a-svfprintf.o)
 .ARM.attributes
                0x0000059e       0x2d d:/software/jetbrains/gcc-arm-none-eabi/bin/../lib/gcc/arm-none-eabi/10.3.1/../../../../arm-none-eabi/lib/thumb/v7-m/nofp\libg.a(lib_a-__call_atexit.o)
 .ARM.attributes
                0x000005cb       0x2d d:/software/jetbrains/gcc-arm-none-eabi/bin/../lib/gcc/arm-none-eabi/10.3.1/../../../../arm-none-eabi/lib/thumb/v7-m/nofp\libg.a(lib_a-atexit.o)
 .ARM.attributes
                0x000005f8       0x2d d:/software/jetbrains/gcc-arm-none-eabi/bin/../lib/gcc/arm-none-eabi/10.3.1/../../../../arm-none-eabi/lib/thumb/v7-m/nofp\libg.a(lib_a-dtoa.o)
 .ARM.attributes
                0x00000625       0x2d d:/software/jetbrains/gcc-arm-none-eabi/bin/../lib/gcc/arm-none-eabi/10.3.1/../../../../arm-none-eabi/lib/thumb/v7-m/nofp\libg.a(lib_a-fini.o)
 .ARM.attributes
                0x00000652       0x2d d:/software/jetbrains/gcc-arm-none-eabi/bin/../lib/gcc/arm-none-eabi/10.3.1/../../../../arm-none-eabi/lib/thumb/v7-m/nofp\libg.a(lib_a-freer.o)
 .ARM.attributes
                0x0000067f       0x2d d:/software/jetbrains/gcc-arm-none-eabi/bin/../lib/gcc/arm-none-eabi/10.3.1/../../../../arm-none-eabi/lib/thumb/v7-m/nofp\libg.a(lib_a-localeconv.o)
 .ARM.attributes
                0x000006ac       0x2d d:/software/jetbrains/gcc-arm-none-eabi/bin/../lib/gcc/arm-none-eabi/10.3.1/../../../../arm-none-eabi/lib/thumb/v7-m/nofp\libg.a(lib_a-lock.o)
 .ARM.attributes
                0x000006d9       0x2d d:/software/jetbrains/gcc-arm-none-eabi/bin/../lib/gcc/arm-none-eabi/10.3.1/../../../../arm-none-eabi/lib/thumb/v7-m/nofp\libg.a(lib_a-mallocr.o)
 .ARM.attributes
                0x00000706       0x2d d:/software/jetbrains/gcc-arm-none-eabi/bin/../lib/gcc/arm-none-eabi/10.3.1/../../../../arm-none-eabi/lib/thumb/v7-m/nofp\libg.a(lib_a-memchr-stub.o)
 .ARM.attributes
                0x00000733       0x1b d:/software/jetbrains/gcc-arm-none-eabi/bin/../lib/gcc/arm-none-eabi/10.3.1/../../../../arm-none-eabi/lib/thumb/v7-m/nofp\libg.a(lib_a-memcpy.o)
 .ARM.attributes
                0x0000074e       0x2d d:/software/jetbrains/gcc-arm-none-eabi/bin/../lib/gcc/arm-none-eabi/10.3.1/../../../../arm-none-eabi/lib/thumb/v7-m/nofp\libg.a(lib_a-mlock.o)
 .ARM.attributes
                0x0000077b       0x2d d:/software/jetbrains/gcc-arm-none-eabi/bin/../lib/gcc/arm-none-eabi/10.3.1/../../../../arm-none-eabi/lib/thumb/v7-m/nofp\libg.a(lib_a-mprec.o)
 .ARM.attributes
                0x000007a8       0x2d d:/software/jetbrains/gcc-arm-none-eabi/bin/../lib/gcc/arm-none-eabi/10.3.1/../../../../arm-none-eabi/lib/thumb/v7-m/nofp\libg.a(lib_a-s_frexp.o)
 .ARM.attributes
                0x000007d5       0x2d d:/software/jetbrains/gcc-arm-none-eabi/bin/../lib/gcc/arm-none-eabi/10.3.1/../../../../arm-none-eabi/lib/thumb/v7-m/nofp\libg.a(lib_a-sbrkr.o)
 .ARM.attributes
                0x00000802       0x2d d:/software/jetbrains/gcc-arm-none-eabi/bin/../lib/gcc/arm-none-eabi/10.3.1/../../../../arm-none-eabi/lib/thumb/v7-m/nofp\libg.a(lib_a-strlen-stub.o)
 .ARM.attributes
                0x0000082f       0x2d d:/software/jetbrains/gcc-arm-none-eabi/bin/../lib/gcc/arm-none-eabi/10.3.1/../../../../arm-none-eabi/lib/thumb/v7-m/nofp\libg.a(lib_a-strncpy.o)
 .ARM.attributes
                0x0000085c       0x2d d:/software/jetbrains/gcc-arm-none-eabi/bin/../lib/gcc/arm-none-eabi/10.3.1/../../../../arm-none-eabi/lib/thumb/v7-m/nofp\libg.a(lib_a-svfiprintf.o)
 .ARM.attributes
                0x00000889       0x2d d:/software/jetbrains/gcc-arm-none-eabi/bin/../lib/gcc/arm-none-eabi/10.3.1/../../../../arm-none-eabi/lib/thumb/v7-m/nofp\libg.a(lib_a-__atexit.o)
 .ARM.attributes
                0x000008b6       0x2d d:/software/jetbrains/gcc-arm-none-eabi/bin/../lib/gcc/arm-none-eabi/10.3.1/../../../../arm-none-eabi/lib/thumb/v7-m/nofp\libg.a(lib_a-assert.o)
 .ARM.attributes
                0x000008e3       0x2d d:/software/jetbrains/gcc-arm-none-eabi/bin/../lib/gcc/arm-none-eabi/10.3.1/../../../../arm-none-eabi/lib/thumb/v7-m/nofp\libg.a(lib_a-callocr.o)
 .ARM.attributes
                0x00000910       0x2d d:/software/jetbrains/gcc-arm-none-eabi/bin/../lib/gcc/arm-none-eabi/10.3.1/../../../../arm-none-eabi/lib/thumb/v7-m/nofp\libg.a(lib_a-fiprintf.o)
 .ARM.attributes
                0x0000093d       0x2d d:/software/jetbrains/gcc-arm-none-eabi/bin/../lib/gcc/arm-none-eabi/10.3.1/../../../../arm-none-eabi/lib/thumb/v7-m/nofp\libg.a(lib_a-locale.o)
 .ARM.attributes
                0x0000096a       0x2d d:/software/jetbrains/gcc-arm-none-eabi/bin/../lib/gcc/arm-none-eabi/10.3.1/../../../../arm-none-eabi/lib/thumb/v7-m/nofp\libg.a(lib_a-mbtowc_r.o)
 .ARM.attributes
                0x00000997       0x2d d:/software/jetbrains/gcc-arm-none-eabi/bin/../lib/gcc/arm-none-eabi/10.3.1/../../../../arm-none-eabi/lib/thumb/v7-m/nofp\libg.a(lib_a-memmove.o)
 .ARM.attributes
                0x000009c4       0x2d d:/software/jetbrains/gcc-arm-none-eabi/bin/../lib/gcc/arm-none-eabi/10.3.1/../../../../arm-none-eabi/lib/thumb/v7-m/nofp\libg.a(lib_a-reallocr.o)
 .ARM.attributes
                0x000009f1       0x2d d:/software/jetbrains/gcc-arm-none-eabi/bin/../lib/gcc/arm-none-eabi/10.3.1/../../../../arm-none-eabi/lib/thumb/v7-m/nofp\libg.a(lib_a-reent.o)
 .ARM.attributes
                0x00000a1e       0x2d d:/software/jetbrains/gcc-arm-none-eabi/bin/../lib/gcc/arm-none-eabi/10.3.1/../../../../arm-none-eabi/lib/thumb/v7-m/nofp\libg.a(lib_a-vfiprintf.o)
 .ARM.attributes
                0x00000a4b       0x2d d:/software/jetbrains/gcc-arm-none-eabi/bin/../lib/gcc/arm-none-eabi/10.3.1/../../../../arm-none-eabi/lib/thumb/v7-m/nofp\libg.a(lib_a-wctomb_r.o)
 .ARM.attributes
                0x00000a78       0x2d d:/software/jetbrains/gcc-arm-none-eabi/bin/../lib/gcc/arm-none-eabi/10.3.1/../../../../arm-none-eabi/lib/thumb/v7-m/nofp\libg.a(lib_a-wsetup.o)
 .ARM.attributes
                0x00000aa5       0x2d d:/software/jetbrains/gcc-arm-none-eabi/bin/../lib/gcc/arm-none-eabi/10.3.1/../../../../arm-none-eabi/lib/thumb/v7-m/nofp\libg.a(lib_a-abort.o)
 .ARM.attributes
                0x00000ad2       0x2d d:/software/jetbrains/gcc-arm-none-eabi/bin/../lib/gcc/arm-none-eabi/10.3.1/../../../../arm-none-eabi/lib/thumb/v7-m/nofp\libg.a(lib_a-ctype_.o)
 .ARM.attributes
                0x00000aff       0x2d d:/software/jetbrains/gcc-arm-none-eabi/bin/../lib/gcc/arm-none-eabi/10.3.1/../../../../arm-none-eabi/lib/thumb/v7-m/nofp\libg.a(lib_a-fflush.o)
 .ARM.attributes
                0x00000b2c       0x2d d:/software/jetbrains/gcc-arm-none-eabi/bin/../lib/gcc/arm-none-eabi/10.3.1/../../../../arm-none-eabi/lib/thumb/v7-m/nofp\libg.a(lib_a-findfp.o)
 .ARM.attributes
                0x00000b59       0x2d d:/software/jetbrains/gcc-arm-none-eabi/bin/../lib/gcc/arm-none-eabi/10.3.1/../../../../arm-none-eabi/lib/thumb/v7-m/nofp\libg.a(lib_a-fputwc.o)
 .ARM.attributes
                0x00000b86       0x2d d:/software/jetbrains/gcc-arm-none-eabi/bin/../lib/gcc/arm-none-eabi/10.3.1/../../../../arm-none-eabi/lib/thumb/v7-m/nofp\libg.a(lib_a-fvwrite.o)
 .ARM.attributes
                0x00000bb3       0x2d d:/software/jetbrains/gcc-arm-none-eabi/bin/../lib/gcc/arm-none-eabi/10.3.1/../../../../arm-none-eabi/lib/thumb/v7-m/nofp\libg.a(lib_a-fwalk.o)
 .ARM.attributes
                0x00000be0       0x2d d:/software/jetbrains/gcc-arm-none-eabi/bin/../lib/gcc/arm-none-eabi/10.3.1/../../../../arm-none-eabi/lib/thumb/v7-m/nofp\libg.a(lib_a-makebuf.o)
 .ARM.attributes
                0x00000c0d       0x2d d:/software/jetbrains/gcc-arm-none-eabi/bin/../lib/gcc/arm-none-eabi/10.3.1/../../../../arm-none-eabi/lib/thumb/v7-m/nofp\libg.a(lib_a-signal.o)
 .ARM.attributes
                0x00000c3a       0x2d d:/software/jetbrains/gcc-arm-none-eabi/bin/../lib/gcc/arm-none-eabi/10.3.1/../../../../arm-none-eabi/lib/thumb/v7-m/nofp\libg.a(lib_a-signalr.o)
 .ARM.attributes
                0x00000c67       0x2d d:/software/jetbrains/gcc-arm-none-eabi/bin/../lib/gcc/arm-none-eabi/10.3.1/../../../../arm-none-eabi/lib/thumb/v7-m/nofp\libg.a(lib_a-stdio.o)
 .ARM.attributes
                0x00000c94       0x2d d:/software/jetbrains/gcc-arm-none-eabi/bin/../lib/gcc/arm-none-eabi/10.3.1/../../../../arm-none-eabi/lib/thumb/v7-m/nofp\libg.a(lib_a-wbuf.o)
 .ARM.attributes
                0x00000cc1       0x2d d:/software/jetbrains/gcc-arm-none-eabi/bin/../lib/gcc/arm-none-eabi/10.3.1/../../../../arm-none-eabi/lib/thumb/v7-m/nofp\libg.a(lib_a-wcrtomb.o)
 .ARM.attributes
                0x00000cee       0x2d d:/software/jetbrains/gcc-arm-none-eabi/bin/../lib/gcc/arm-none-eabi/10.3.1/../../../../arm-none-eabi/lib/thumb/v7-m/nofp\libg.a(lib_a-writer.o)
 .ARM.attributes
                0x00000d1b       0x2d d:/software/jetbrains/gcc-arm-none-eabi/bin/../lib/gcc/arm-none-eabi/10.3.1/../../../../arm-none-eabi/lib/thumb/v7-m/nofp\libg.a(lib_a-closer.o)
 .ARM.attributes
                0x00000d48       0x2d d:/software/jetbrains/gcc-arm-none-eabi/bin/../lib/gcc/arm-none-eabi/10.3.1/../../../../arm-none-eabi/lib/thumb/v7-m/nofp\libg.a(lib_a-fclose.o)
 .ARM.attributes
                0x00000d75       0x2d d:/software/jetbrains/gcc-arm-none-eabi/bin/../lib/gcc/arm-none-eabi/10.3.1/../../../../arm-none-eabi/lib/thumb/v7-m/nofp\libg.a(lib_a-fstatr.o)
 .ARM.attributes
                0x00000da2       0x2d d:/software/jetbrains/gcc-arm-none-eabi/bin/../lib/gcc/arm-none-eabi/10.3.1/../../../../arm-none-eabi/lib/thumb/v7-m/nofp\libg.a(lib_a-isattyr.o)
 .ARM.attributes
                0x00000dcf       0x2d d:/software/jetbrains/gcc-arm-none-eabi/bin/../lib/gcc/arm-none-eabi/10.3.1/../../../../arm-none-eabi/lib/thumb/v7-m/nofp\libg.a(lib_a-lseekr.o)
 .ARM.attributes
                0x00000dfc       0x2d d:/software/jetbrains/gcc-arm-none-eabi/bin/../lib/gcc/arm-none-eabi/10.3.1/../../../../arm-none-eabi/lib/thumb/v7-m/nofp\libg.a(lib_a-readr.o)
 .ARM.attributes
                0x00000e29       0x1d d:/software/jetbrains/gcc-arm-none-eabi/bin/../lib/gcc/arm-none-eabi/10.3.1/thumb/v7-m/nofp\libgcc.a(_arm_muldivdf3.o)
 .ARM.attributes
                0x00000e46       0x1d d:/software/jetbrains/gcc-arm-none-eabi/bin/../lib/gcc/arm-none-eabi/10.3.1/thumb/v7-m/nofp\libgcc.a(_arm_cmpdf2.o)
 .ARM.attributes
                0x00000e63       0x1d d:/software/jetbrains/gcc-arm-none-eabi/bin/../lib/gcc/arm-none-eabi/10.3.1/thumb/v7-m/nofp\libgcc.a(_arm_unorddf2.o)
 .ARM.attributes
                0x00000e80       0x1d d:/software/jetbrains/gcc-arm-none-eabi/bin/../lib/gcc/arm-none-eabi/10.3.1/thumb/v7-m/nofp\libgcc.a(_arm_fixdfsi.o)
 .ARM.attributes
                0x00000e9d       0x1d d:/software/jetbrains/gcc-arm-none-eabi/bin/../lib/gcc/arm-none-eabi/10.3.1/thumb/v7-m/nofp\libgcc.a(_aeabi_uldivmod.o)
 .ARM.attributes
                0x00000eba       0x2d d:/software/jetbrains/gcc-arm-none-eabi/bin/../lib/gcc/arm-none-eabi/10.3.1/thumb/v7-m/nofp\libgcc.a(_udivmoddi4.o)
 .ARM.attributes
                0x00000ee7       0x1d d:/software/jetbrains/gcc-arm-none-eabi/bin/../lib/gcc/arm-none-eabi/10.3.1/thumb/v7-m/nofp\libgcc.a(_dvmd_tls.o)
 .ARM.attributes
                0x00000f04       0x1d d:/software/jetbrains/gcc-arm-none-eabi/bin/../lib/gcc/arm-none-eabi/10.3.1/thumb/v7-m/nofp/crtn.o
OUTPUT(STM32F103_StudyCode2.elf elf32-littlearm)
LOAD linker stubs
LOAD d:/software/jetbrains/gcc-arm-none-eabi/bin/../lib/gcc/arm-none-eabi/10.3.1/../../../../arm-none-eabi/lib/thumb/v7-m/nofp\libc.a
LOAD d:/software/jetbrains/gcc-arm-none-eabi/bin/../lib/gcc/arm-none-eabi/10.3.1/../../../../arm-none-eabi/lib/thumb/v7-m/nofp\libm.a
LOAD d:/software/jetbrains/gcc-arm-none-eabi/bin/../lib/gcc/arm-none-eabi/10.3.1/thumb/v7-m/nofp\libgcc.a

.debug_info     0x00000000    0x1224c
 .debug_info    0x00000000     0x11d6 CMakeFiles/STM32F103_StudyCode2.elf.dir/Core/Src/OLED.c.obj
 .debug_info    0x000011d6      0x860 CMakeFiles/STM32F103_StudyCode2.elf.dir/Core/Src/adc.c.obj
 .debug_info    0x00001a36      0x911 CMakeFiles/STM32F103_StudyCode2.elf.dir/Core/Src/bsp_adc.c.obj
 .debug_info    0x00002347      0x34b CMakeFiles/STM32F103_StudyCode2.elf.dir/Core/Src/gpio.c.obj
 .debug_info    0x00002692      0x8a4 CMakeFiles/STM32F103_StudyCode2.elf.dir/Core/Src/i2c.c.obj
 .debug_info    0x00002f36      0xd0f CMakeFiles/STM32F103_StudyCode2.elf.dir/Core/Src/main.c.obj
 .debug_info    0x00003c45      0x211 CMakeFiles/STM32F103_StudyCode2.elf.dir/Core/Src/stm32f1xx_hal_msp.c.obj
 .debug_info    0x00003e56      0x14b CMakeFiles/STM32F103_StudyCode2.elf.dir/Core/Src/stm32f1xx_it.c.obj
 .debug_info    0x00003fa1      0x7af CMakeFiles/STM32F103_StudyCode2.elf.dir/Core/Src/syscalls.c.obj
 .debug_info    0x00004750      0x174 CMakeFiles/STM32F103_StudyCode2.elf.dir/Core/Src/sysmem.c.obj
 .debug_info    0x000048c4      0x248 CMakeFiles/STM32F103_StudyCode2.elf.dir/Core/Src/system_stm32f1xx.c.obj
 .debug_info    0x00004b0c      0xaf7 CMakeFiles/STM32F103_StudyCode2.elf.dir/Core/Src/tim.c.obj
 .debug_info    0x00005603       0x22 CMakeFiles/STM32F103_StudyCode2.elf.dir/Core/Startup/startup_stm32f103c8tx.s.obj
 .debug_info    0x00005625      0x7a8 CMakeFiles/STM32F103_StudyCode2.elf.dir/Drivers/STM32F1xx_HAL_Driver/Src/stm32f1xx_hal.c.obj
 .debug_info    0x00005dcd      0xf3f CMakeFiles/STM32F103_StudyCode2.elf.dir/Drivers/STM32F1xx_HAL_Driver/Src/stm32f1xx_hal_adc.c.obj
 .debug_info    0x00006d0c      0xd8a CMakeFiles/STM32F103_StudyCode2.elf.dir/Drivers/STM32F1xx_HAL_Driver/Src/stm32f1xx_hal_cortex.c.obj
 .debug_info    0x00007a96      0x66f CMakeFiles/STM32F103_StudyCode2.elf.dir/Drivers/STM32F1xx_HAL_Driver/Src/stm32f1xx_hal_gpio.c.obj
 .debug_info    0x00008105     0x3ab6 CMakeFiles/STM32F103_StudyCode2.elf.dir/Drivers/STM32F1xx_HAL_Driver/Src/stm32f1xx_hal_i2c.c.obj
 .debug_info    0x0000bbbb      0xa3b CMakeFiles/STM32F103_StudyCode2.elf.dir/Drivers/STM32F1xx_HAL_Driver/Src/stm32f1xx_hal_rcc.c.obj
 .debug_info    0x0000c5f6      0x449 CMakeFiles/STM32F103_StudyCode2.elf.dir/Drivers/STM32F1xx_HAL_Driver/Src/stm32f1xx_hal_rcc_ex.c.obj
 .debug_info    0x0000ca3f     0x3d52 CMakeFiles/STM32F103_StudyCode2.elf.dir/Drivers/STM32F1xx_HAL_Driver/Src/stm32f1xx_hal_tim.c.obj
 .debug_info    0x00010791     0x1abb CMakeFiles/STM32F103_StudyCode2.elf.dir/Drivers/STM32F1xx_HAL_Driver/Src/stm32f1xx_hal_tim_ex.c.obj

.debug_abbrev   0x00000000     0x27a6
 .debug_abbrev  0x00000000      0x2b4 CMakeFiles/STM32F103_StudyCode2.elf.dir/Core/Src/OLED.c.obj
 .debug_abbrev  0x000002b4      0x1c1 CMakeFiles/STM32F103_StudyCode2.elf.dir/Core/Src/adc.c.obj
 .debug_abbrev  0x00000475      0x232 CMakeFiles/STM32F103_StudyCode2.elf.dir/Core/Src/bsp_adc.c.obj
 .debug_abbrev  0x000006a7      0x13c CMakeFiles/STM32F103_StudyCode2.elf.dir/Core/Src/gpio.c.obj
 .debug_abbrev  0x000007e3      0x1c1 CMakeFiles/STM32F103_StudyCode2.elf.dir/Core/Src/i2c.c.obj
 .debug_abbrev  0x000009a4      0x242 CMakeFiles/STM32F103_StudyCode2.elf.dir/Core/Src/main.c.obj
 .debug_abbrev  0x00000be6       0xe5 CMakeFiles/STM32F103_StudyCode2.elf.dir/Core/Src/stm32f1xx_hal_msp.c.obj
 .debug_abbrev  0x00000ccb       0x7e CMakeFiles/STM32F103_StudyCode2.elf.dir/Core/Src/stm32f1xx_it.c.obj
 .debug_abbrev  0x00000d49      0x1a3 CMakeFiles/STM32F103_StudyCode2.elf.dir/Core/Src/syscalls.c.obj
 .debug_abbrev  0x00000eec       0xe7 CMakeFiles/STM32F103_StudyCode2.elf.dir/Core/Src/sysmem.c.obj
 .debug_abbrev  0x00000fd3      0x13e CMakeFiles/STM32F103_StudyCode2.elf.dir/Core/Src/system_stm32f1xx.c.obj
 .debug_abbrev  0x00001111      0x200 CMakeFiles/STM32F103_StudyCode2.elf.dir/Core/Src/tim.c.obj
 .debug_abbrev  0x00001311       0x12 CMakeFiles/STM32F103_StudyCode2.elf.dir/Core/Startup/startup_stm32f103c8tx.s.obj
 .debug_abbrev  0x00001323      0x1f4 CMakeFiles/STM32F103_StudyCode2.elf.dir/Drivers/STM32F1xx_HAL_Driver/Src/stm32f1xx_hal.c.obj
 .debug_abbrev  0x00001517      0x1fc CMakeFiles/STM32F103_StudyCode2.elf.dir/Drivers/STM32F1xx_HAL_Driver/Src/stm32f1xx_hal_adc.c.obj
 .debug_abbrev  0x00001713      0x341 CMakeFiles/STM32F103_StudyCode2.elf.dir/Drivers/STM32F1xx_HAL_Driver/Src/stm32f1xx_hal_cortex.c.obj
 .debug_abbrev  0x00001a54      0x1e6 CMakeFiles/STM32F103_StudyCode2.elf.dir/Drivers/STM32F1xx_HAL_Driver/Src/stm32f1xx_hal_gpio.c.obj
 .debug_abbrev  0x00001c3a      0x293 CMakeFiles/STM32F103_StudyCode2.elf.dir/Drivers/STM32F1xx_HAL_Driver/Src/stm32f1xx_hal_i2c.c.obj
 .debug_abbrev  0x00001ecd      0x27a CMakeFiles/STM32F103_StudyCode2.elf.dir/Drivers/STM32F1xx_HAL_Driver/Src/stm32f1xx_hal_rcc.c.obj
 .debug_abbrev  0x00002147      0x1d2 CMakeFiles/STM32F103_StudyCode2.elf.dir/Drivers/STM32F1xx_HAL_Driver/Src/stm32f1xx_hal_rcc_ex.c.obj
 .debug_abbrev  0x00002319      0x245 CMakeFiles/STM32F103_StudyCode2.elf.dir/Drivers/STM32F1xx_HAL_Driver/Src/stm32f1xx_hal_tim.c.obj
 .debug_abbrev  0x0000255e      0x248 CMakeFiles/STM32F103_StudyCode2.elf.dir/Drivers/STM32F1xx_HAL_Driver/Src/stm32f1xx_hal_tim_ex.c.obj

.debug_loc      0x00000000     0xe4e3
 .debug_loc     0x00000000      0xafc CMakeFiles/STM32F103_StudyCode2.elf.dir/Core/Src/OLED.c.obj
 .debug_loc     0x00000afc       0x84 CMakeFiles/STM32F103_StudyCode2.elf.dir/Core/Src/adc.c.obj
 .debug_loc     0x00000b80      0x198 CMakeFiles/STM32F103_StudyCode2.elf.dir/Core/Src/bsp_adc.c.obj
 .debug_loc     0x00000d18       0x67 CMakeFiles/STM32F103_StudyCode2.elf.dir/Core/Src/i2c.c.obj
 .debug_loc     0x00000d7f       0x59 CMakeFiles/STM32F103_StudyCode2.elf.dir/Core/Src/main.c.obj
 .debug_loc     0x00000dd8       0x15 CMakeFiles/STM32F103_StudyCode2.elf.dir/Core/Src/stm32f1xx_hal_msp.c.obj
 .debug_loc     0x00000ded      0x3c5 CMakeFiles/STM32F103_StudyCode2.elf.dir/Core/Src/syscalls.c.obj
 .debug_loc     0x000011b2       0x64 CMakeFiles/STM32F103_StudyCode2.elf.dir/Core/Src/sysmem.c.obj
 .debug_loc     0x00001216       0xff CMakeFiles/STM32F103_StudyCode2.elf.dir/Core/Src/system_stm32f1xx.c.obj
 .debug_loc     0x00001315       0x42 CMakeFiles/STM32F103_StudyCode2.elf.dir/Core/Src/tim.c.obj
 .debug_loc     0x00001357      0x141 CMakeFiles/STM32F103_StudyCode2.elf.dir/Drivers/STM32F1xx_HAL_Driver/Src/stm32f1xx_hal.c.obj
 .debug_loc     0x00001498      0xb03 CMakeFiles/STM32F103_StudyCode2.elf.dir/Drivers/STM32F1xx_HAL_Driver/Src/stm32f1xx_hal_adc.c.obj
 .debug_loc     0x00001f9b      0x71f CMakeFiles/STM32F103_StudyCode2.elf.dir/Drivers/STM32F1xx_HAL_Driver/Src/stm32f1xx_hal_cortex.c.obj
 .debug_loc     0x000026ba      0x47d CMakeFiles/STM32F103_StudyCode2.elf.dir/Drivers/STM32F1xx_HAL_Driver/Src/stm32f1xx_hal_gpio.c.obj
 .debug_loc     0x00002b37     0x41ca CMakeFiles/STM32F103_StudyCode2.elf.dir/Drivers/STM32F1xx_HAL_Driver/Src/stm32f1xx_hal_i2c.c.obj
 .debug_loc     0x00006d01      0x618 CMakeFiles/STM32F103_StudyCode2.elf.dir/Drivers/STM32F1xx_HAL_Driver/Src/stm32f1xx_hal_rcc.c.obj